Information: Updating graph... (UID-83)
Information: Updating design information... (UID-85)
 
****************************************
Report : timing
        -path full
        -delay max
        -nworst 2
        -input_pins
        -nets
        -max_paths 2
        -transition_time
        -capacitance
Design : mmForMLP
Version: O-2018.06-SP5-3
Date   : Mon Jun  3 23:36:16 2024
****************************************

 * Some/all delay information is back-annotated.

Operating Conditions: 125CSS1P08   Library: M31GPSC900HL055PR_125CSS1P08_cworst_ccs

  Startpoint: load_payload[15]
              (input port clocked by Int_clk)
  Endpoint: memForAorB_0/ram1rw_4/ram
            (rising edge-triggered flip-flop clocked by Int_clk)
  Path Group: INPUTS
  Path Type: max

  Point                                       Fanout       Cap     Trans      Incr       Path
  ----------------------------------------------------------------------------------------------
  clock Int_clk (rise edge)                                                   0.00       0.00
  clock network delay (ideal)                                                 0.55       0.55
  input external delay                                                        1.45       2.00 r
  load_payload[15] (in)                                             0.00      0.00       2.00 r
  load_payload[15] (net)                        1         0.01                0.00       2.00 r
  U2139/I (CLKBUFX3AR9)                                             0.00      0.00 *     2.00 r
  U2139/O (CLKBUFX3AR9)                                             0.25      0.19       2.19 r
  n2062 (net)                                   3         0.06                0.00       2.19 r
  U1346/I (INVX05AR9)                                               0.25      0.01 *     2.20 r
  U1346/O (INVX05AR9)                                               0.10      0.10       2.30 f
  n1169 (net)                                   1         0.00                0.00       2.30 f
  U825/B1 (OAI22X3AR9)                                              0.10      0.00 *     2.30 f
  U825/O (OAI22X3AR9)                                               0.25      0.17       2.47 r
  memForAorB_0_D[15] (net)                      1         0.02                0.00       2.47 r
  memForAorB_0/ram1rw_4/ram/D[15] (mem55lpw256d16sp)                0.25      0.00 *     2.48 r
  data arrival time                                                                      2.48

  clock Int_clk (rise edge)                                                   4.82       4.82
  clock network delay (ideal)                                                 0.55       5.37
  clock uncertainty                                                          -0.30       5.07
  memForAorB_0/ram1rw_4/ram/CLK (mem55lpw256d16sp)                            0.00       5.07 r
  library setup time                                                         -0.52       4.55
  data required time                                                                     4.55
  ----------------------------------------------------------------------------------------------
  data required time                                                                     4.55
  data arrival time                                                                     -2.48
  ----------------------------------------------------------------------------------------------
  slack (MET)                                                                            2.07


  Startpoint: load_payload[15]
              (input port clocked by Int_clk)
  Endpoint: memForAorB_0/ram1rw_4/ram
            (rising edge-triggered flip-flop clocked by Int_clk)
  Path Group: INPUTS
  Path Type: max

  Point                                       Fanout       Cap     Trans      Incr       Path
  ----------------------------------------------------------------------------------------------
  clock Int_clk (rise edge)                                                   0.00       0.00
  clock network delay (ideal)                                                 0.55       0.55
  input external delay                                                        1.45       2.00 r
  load_payload[15] (in)                                             0.00      0.00       2.00 r
  load_payload[15] (net)                        1         0.01                0.00       2.00 r
  U2139/I (CLKBUFX3AR9)                                             0.00      0.00 *     2.00 r
  U2139/O (CLKBUFX3AR9)                                             0.25      0.19       2.19 r
  n2062 (net)                                   3         0.06                0.00       2.19 r
  U1346/I (INVX05AR9)                                               0.25      0.01 *     2.20 r
  U1346/O (INVX05AR9)                                               0.10      0.10       2.30 f
  n1169 (net)                                   1         0.00                0.00       2.30 f
  U825/B1 (OAI22X3AR9)                                              0.10      0.00 *     2.30 f
  U825/O (OAI22X3AR9)                                               0.25      0.17       2.47 r
  memForAorB_0_D[15] (net)                      1         0.02                0.00       2.47 r
  memForAorB_0/ram1rw_4/ram/D[15] (mem55lpw256d16sp)                0.25      0.00 *     2.48 r
  data arrival time                                                                      2.48

  clock Int_clk (rise edge)                                                   4.82       4.82
  clock network delay (ideal)                                                 0.55       5.37
  clock uncertainty                                                          -0.30       5.07
  memForAorB_0/ram1rw_4/ram/CLK (mem55lpw256d16sp)                            0.00       5.07 r
  library setup time                                                         -0.52       4.55
  data required time                                                                     4.55
  ----------------------------------------------------------------------------------------------
  data required time                                                                     4.55
  data arrival time                                                                     -2.48
  ----------------------------------------------------------------------------------------------
  slack (MET)                                                                            2.07


  Startpoint: memForWeight_1/ram1rw_4/ram
              (rising edge-triggered flip-flop clocked by Int_clk)
  Endpoint: partialSum_reg[27]
            (rising edge-triggered flip-flop clocked by Int_clk)
  Path Group: MEM2REG
  Path Type: max

  Point                                       Fanout       Cap     Trans      Incr       Path
  ----------------------------------------------------------------------------------------------
  clock Int_clk (rise edge)                                                   0.00       0.00
  clock network delay (ideal)                                                 0.55       0.55
  memForWeight_1/ram1rw_4/ram/CLK (mem55lpw1024d16sp)               0.08      0.00       0.55 r
  memForWeight_1/ram1rw_4/ram/Q[1] (mem55lpw1024d16sp)              0.08      1.66       2.21 f
  memForWeight_1_Q[1] (net)                     1         0.01                0.00       2.21 f
  U1930/I1 (NAND2X4AR9)                                             0.08      0.00 *     2.22 f
  U1930/O (NAND2X4AR9)                                              0.09      0.06       2.27 r
  n1870 (net)                                   1         0.01                0.00       2.27 r
  U1931/I2 (CLKNAND2X8AR9)                                          0.09      0.00 *     2.27 r
  U1931/O (CLKNAND2X8AR9)                                           0.13      0.11       2.39 f
  n421 (net)                                    8         0.06                0.00       2.39 f
  U472/I2 (CLKXNOR2X1AR9)                                           0.13      0.01 *     2.39 f
  U472/O (CLKXNOR2X1AR9)                                            0.10      0.20       2.59 f
  n517 (net)                                    2         0.01                0.00       2.59 f
  U1052/A1 (OAI22X2AR9)                                             0.10      0.00 *     2.59 f
  U1052/O (OAI22X2AR9)                                              0.31      0.19       2.78 r
  n532 (net)                                    5         0.02                0.00       2.78 r
  U1850/I2 (NAND2X05AR9)                                            0.31      0.00 *     2.79 r
  U1850/O (NAND2X05AR9)                                             0.08      0.10       2.89 f
  n1785 (net)                                   1         0.00                0.00       2.89 f
  U231/I1 (CLKAND2X1AR9)                                            0.08      0.00 *     2.89 f
  U231/O (CLKAND2X1AR9)                                             0.06      0.11       2.99 f
  n2216 (net)                                   1         0.00                0.00       2.99 f
  U206/I1 (NAND2X2AR9)                                              0.06      0.00 *     2.99 f
  U206/O (NAND2X2AR9)                                               0.07      0.05       3.05 r
  n572 (net)                                    3         0.01                0.00       3.05 r
  U194/I2 (XOR2X1AR9)                                               0.07      0.00 *     3.05 r
  U194/O (XOR2X1AR9)                                                0.09      0.23       3.28 f
  n111 (net)                                    2         0.00                0.00       3.28 f
  U203/I (CLKINVX2AR9)                                              0.09      0.00 *     3.28 f
  U203/O (CLKINVX2AR9)                                              0.05      0.05       3.33 r
  n116 (net)                                    1         0.00                0.00       3.33 r
  U200/I2 (CLKNAND2X4AR9)                                           0.05      0.00 *     3.33 r
  U200/O (CLKNAND2X4AR9)                                            0.04      0.04       3.38 f
  n118 (net)                                    1         0.00                0.00       3.38 f
  U201/I2 (NAND2X3AR9)                                              0.04      0.00 *     3.38 f
  U201/O (NAND2X3AR9)                                               0.05      0.05       3.43 r
  n1495 (net)                                   3         0.01                0.00       3.43 r
  U1527/I (INVX2AR9)                                                0.05      0.00 *     3.43 r
  U1527/O (INVX2AR9)                                                0.04      0.04       3.47 f
  n1496 (net)                                   4         0.01                0.00       3.47 f
  U1830/I2 (NAND2X1AR9)                                             0.04      0.00 *     3.47 f
  U1830/O (NAND2X1AR9)                                              0.10      0.07       3.54 r
  n1758 (net)                                   1         0.01                0.00       3.54 r
  U1833/I3 (NAND3X4AR9)                                             0.10      0.00 *     3.54 r
  U1833/O (NAND3X4AR9)                                              0.11      0.11       3.65 f
  n624 (net)                                    5         0.01                0.00       3.65 f
  U279/I (CLKINVX2AR9)                                              0.11      0.00 *     3.65 f
  U279/O (CLKINVX2AR9)                                              0.05      0.05       3.71 r
  n1776 (net)                                   2         0.00                0.00       3.71 r
  U552/I2 (AND2X1AR9)                                               0.05      0.00 *     3.71 r
  U552/O (AND2X1AR9)                                                0.05      0.09       3.80 r
  n2232 (net)                                   1         0.00                0.00       3.80 r
  U277/I1 (NAND2X05AR9)                                             0.05      0.00 *     3.80 r
  U277/O (NAND2X05AR9)                                              0.06      0.05       3.85 f
  n1779 (net)                                   1         0.00                0.00       3.85 f
  U629/I2 (AND3X1AR9)                                               0.06      0.00 *     3.85 f
  U629/O (AND3X1AR9)                                                0.04      0.09       3.94 f
  n2237 (net)                                   1         0.00                0.00       3.94 f
  U559/I1 (CLKNAND2X3AR9)                                           0.04      0.00 *     3.94 f
  U559/O (CLKNAND2X3AR9)                                            0.08      0.06       4.00 r
  n632 (net)                                    3         0.01                0.00       4.00 r
  U1110/I1 (NAND2X1IAR9)                                            0.08      0.00 *     4.00 r
  U1110/O (NAND2X1IAR9)                                             0.08      0.07       4.07 f
  n1067 (net)                                   1         0.00                0.00       4.07 f
  U381/B2 (OA12X1AR9)                                               0.08      0.00 *     4.07 f
  U381/O (OA12X1AR9)                                                0.04      0.11       4.18 f
  n2326 (net)                                   1         0.00                0.00       4.18 f
  U2075/I2 (AND2X2AR9)                                              0.04      0.00 *     4.18 f
  U2075/O (AND2X2AR9)                                               0.04      0.09       4.27 f
  n637 (net)                                    1         0.01                0.00       4.27 f
  U1113/A1 (OAI12X4IAR9)                                            0.04      0.00 *     4.27 f
  U1113/O (OAI12X4IAR9)                                             0.10      0.07       4.33 r
  n1028 (net)                                   1         0.01                0.00       4.33 r
  U1450/I (INVX12AR9)                                               0.10      0.00 *     4.34 r
  U1450/O (INVX12AR9)                                               0.06      0.07       4.41 f
  n2077 (net)                                   5         0.07                0.00       4.41 f
  U1430/I (CLKINVX6AR9)                                             0.07      0.03 *     4.44 f
  U1430/O (CLKINVX6AR9)                                             0.03      0.04       4.47 r
  n2076 (net)                                   1         0.01                0.00       4.47 r
  U561/B1 (AOI12X4IAR9)                                             0.03      0.00 *     4.47 r
  U561/O (AOI12X4IAR9)                                              0.05      0.04       4.51 f
  n1033 (net)                                   2         0.01                0.00       4.51 f
  U1151/B1 (OAI12X4IAR9)                                            0.05      0.00 *     4.51 f
  U1151/O (OAI12X4IAR9)                                             0.06      0.06       4.57 r
  n1060 (net)                                   2         0.01                0.00       4.57 r
  U1155/B1 (AOI12X4IAR9)                                            0.06      0.00 *     4.57 r
  U1155/O (AOI12X4IAR9)                                             0.08      0.06       4.62 f
  n1148 (net)                                   3         0.01                0.00       4.62 f
  U212/B1 (OAI12X4IAR9)                                             0.08      0.00 *     4.62 f
  U212/O (OAI12X4IAR9)                                              0.11      0.06       4.69 r
  n126 (net)                                    1         0.00                0.00       4.69 r
  U1185/B1 (AOI12X4IAR9)                                            0.11      0.00 *     4.69 r
  U1185/O (AOI12X4IAR9)                                             0.05      0.06       4.74 f
  n851 (net)                                    2         0.00                0.00       4.74 f
  U879/I (CLKINVX2AR9)                                              0.05      0.00 *     4.74 f
  U879/O (CLKINVX2AR9)                                              0.03      0.04       4.78 r
  n1347 (net)                                   1         0.00                0.00       4.78 r
  U874/I2 (NAND2X1OAR9)                                             0.03      0.00 *     4.78 r
  U874/O (NAND2X1OAR9)                                              0.05      0.05       4.82 f
  n1349 (net)                                   1         0.00                0.00       4.82 f
  U875/I2 (NAND2X2AR9)                                              0.05      0.00 *     4.82 f
  U875/O (NAND2X2AR9)                                               0.03      0.04       4.86 r
  n852 (net)                                    1         0.00                0.00       4.86 r
  U1187/B1B (OAI22B2X05AR9)                                         0.03      0.00 *     4.86 r
  U1187/O (OAI22B2X05AR9)                                           0.12      0.11       4.97 r
  n169 (net)                                    1         0.00                0.00       4.97 r
  partialSum_reg[27]/D (DFFRBQX2AR9)                                0.12      0.00 *     4.97 r
  data arrival time                                                                      4.97

  clock Int_clk (rise edge)                                                   4.82       4.82
  clock network delay (ideal)                                                 0.55       5.37
  clock uncertainty                                                          -0.30       5.07
  partialSum_reg[27]/CK (DFFRBQX2AR9)                                         0.00       5.07 r
  library setup time                                                         -0.10       4.97
  data required time                                                                     4.97
  ----------------------------------------------------------------------------------------------
  data required time                                                                     4.97
  data arrival time                                                                     -4.97
  ----------------------------------------------------------------------------------------------
  slack (MET)                                                                            0.00


  Startpoint: memForWeight_1/ram1rw_4/ram
              (rising edge-triggered flip-flop clocked by Int_clk)
  Endpoint: partialSum_reg[27]
            (rising edge-triggered flip-flop clocked by Int_clk)
  Path Group: MEM2REG
  Path Type: max

  Point                                       Fanout       Cap     Trans      Incr       Path
  ----------------------------------------------------------------------------------------------
  clock Int_clk (rise edge)                                                   0.00       0.00
  clock network delay (ideal)                                                 0.55       0.55
  memForWeight_1/ram1rw_4/ram/CLK (mem55lpw1024d16sp)               0.08      0.00       0.55 r
  memForWeight_1/ram1rw_4/ram/Q[1] (mem55lpw1024d16sp)              0.08      1.66       2.21 f
  memForWeight_1_Q[1] (net)                     1         0.01                0.00       2.21 f
  U1930/I1 (NAND2X4AR9)                                             0.08      0.00 *     2.22 f
  U1930/O (NAND2X4AR9)                                              0.09      0.06       2.27 r
  n1870 (net)                                   1         0.01                0.00       2.27 r
  U1931/I2 (CLKNAND2X8AR9)                                          0.09      0.00 *     2.27 r
  U1931/O (CLKNAND2X8AR9)                                           0.13      0.11       2.39 f
  n421 (net)                                    8         0.06                0.00       2.39 f
  U472/I2 (CLKXNOR2X1AR9)                                           0.13      0.01 *     2.39 f
  U472/O (CLKXNOR2X1AR9)                                            0.10      0.20       2.59 f
  n517 (net)                                    2         0.01                0.00       2.59 f
  U1052/A1 (OAI22X2AR9)                                             0.10      0.00 *     2.59 f
  U1052/O (OAI22X2AR9)                                              0.31      0.19       2.78 r
  n532 (net)                                    5         0.02                0.00       2.78 r
  U1850/I2 (NAND2X05AR9)                                            0.31      0.00 *     2.79 r
  U1850/O (NAND2X05AR9)                                             0.08      0.10       2.89 f
  n1785 (net)                                   1         0.00                0.00       2.89 f
  U231/I1 (CLKAND2X1AR9)                                            0.08      0.00 *     2.89 f
  U231/O (CLKAND2X1AR9)                                             0.06      0.11       2.99 f
  n2216 (net)                                   1         0.00                0.00       2.99 f
  U206/I1 (NAND2X2AR9)                                              0.06      0.00 *     2.99 f
  U206/O (NAND2X2AR9)                                               0.07      0.05       3.05 r
  n572 (net)                                    3         0.01                0.00       3.05 r
  U194/I2 (XOR2X1AR9)                                               0.07      0.00 *     3.05 r
  U194/O (XOR2X1AR9)                                                0.09      0.23       3.28 f
  n111 (net)                                    2         0.00                0.00       3.28 f
  U203/I (CLKINVX2AR9)                                              0.09      0.00 *     3.28 f
  U203/O (CLKINVX2AR9)                                              0.05      0.05       3.33 r
  n116 (net)                                    1         0.00                0.00       3.33 r
  U200/I2 (CLKNAND2X4AR9)                                           0.05      0.00 *     3.33 r
  U200/O (CLKNAND2X4AR9)                                            0.04      0.04       3.38 f
  n118 (net)                                    1         0.00                0.00       3.38 f
  U201/I2 (NAND2X3AR9)                                              0.04      0.00 *     3.38 f
  U201/O (NAND2X3AR9)                                               0.05      0.05       3.43 r
  n1495 (net)                                   3         0.01                0.00       3.43 r
  U1527/I (INVX2AR9)                                                0.05      0.00 *     3.43 r
  U1527/O (INVX2AR9)                                                0.04      0.04       3.47 f
  n1496 (net)                                   4         0.01                0.00       3.47 f
  U1830/I2 (NAND2X1AR9)                                             0.04      0.00 *     3.47 f
  U1830/O (NAND2X1AR9)                                              0.10      0.07       3.54 r
  n1758 (net)                                   1         0.01                0.00       3.54 r
  U1833/I3 (NAND3X4AR9)                                             0.10      0.00 *     3.54 r
  U1833/O (NAND3X4AR9)                                              0.11      0.11       3.65 f
  n624 (net)                                    5         0.01                0.00       3.65 f
  U279/I (CLKINVX2AR9)                                              0.11      0.00 *     3.65 f
  U279/O (CLKINVX2AR9)                                              0.05      0.05       3.71 r
  n1776 (net)                                   2         0.00                0.00       3.71 r
  U552/I2 (AND2X1AR9)                                               0.05      0.00 *     3.71 r
  U552/O (AND2X1AR9)                                                0.05      0.09       3.80 r
  n2232 (net)                                   1         0.00                0.00       3.80 r
  U277/I1 (NAND2X05AR9)                                             0.05      0.00 *     3.80 r
  U277/O (NAND2X05AR9)                                              0.06      0.05       3.85 f
  n1779 (net)                                   1         0.00                0.00       3.85 f
  U629/I2 (AND3X1AR9)                                               0.06      0.00 *     3.85 f
  U629/O (AND3X1AR9)                                                0.04      0.09       3.94 f
  n2237 (net)                                   1         0.00                0.00       3.94 f
  U559/I1 (CLKNAND2X3AR9)                                           0.04      0.00 *     3.94 f
  U559/O (CLKNAND2X3AR9)                                            0.08      0.06       4.00 r
  n632 (net)                                    3         0.01                0.00       4.00 r
  U1110/I1 (NAND2X1IAR9)                                            0.08      0.00 *     4.00 r
  U1110/O (NAND2X1IAR9)                                             0.08      0.07       4.07 f
  n1067 (net)                                   1         0.00                0.00       4.07 f
  U381/B2 (OA12X1AR9)                                               0.08      0.00 *     4.07 f
  U381/O (OA12X1AR9)                                                0.04      0.11       4.18 f
  n2326 (net)                                   1         0.00                0.00       4.18 f
  U2075/I2 (AND2X2AR9)                                              0.04      0.00 *     4.18 f
  U2075/O (AND2X2AR9)                                               0.04      0.09       4.27 f
  n637 (net)                                    1         0.01                0.00       4.27 f
  U1113/A1 (OAI12X4IAR9)                                            0.04      0.00 *     4.27 f
  U1113/O (OAI12X4IAR9)                                             0.10      0.07       4.33 r
  n1028 (net)                                   1         0.01                0.00       4.33 r
  U1450/I (INVX12AR9)                                               0.10      0.00 *     4.34 r
  U1450/O (INVX12AR9)                                               0.06      0.07       4.41 f
  n2077 (net)                                   5         0.07                0.00       4.41 f
  U1430/I (CLKINVX6AR9)                                             0.07      0.03 *     4.44 f
  U1430/O (CLKINVX6AR9)                                             0.03      0.04       4.47 r
  n2076 (net)                                   1         0.01                0.00       4.47 r
  U561/B1 (AOI12X4IAR9)                                             0.03      0.00 *     4.47 r
  U561/O (AOI12X4IAR9)                                              0.05      0.04       4.51 f
  n1033 (net)                                   2         0.01                0.00       4.51 f
  U1151/B1 (OAI12X4IAR9)                                            0.05      0.00 *     4.51 f
  U1151/O (OAI12X4IAR9)                                             0.06      0.06       4.57 r
  n1060 (net)                                   2         0.01                0.00       4.57 r
  U1155/B1 (AOI12X4IAR9)                                            0.06      0.00 *     4.57 r
  U1155/O (AOI12X4IAR9)                                             0.08      0.06       4.62 f
  n1148 (net)                                   3         0.01                0.00       4.62 f
  U212/B1 (OAI12X4IAR9)                                             0.08      0.00 *     4.62 f
  U212/O (OAI12X4IAR9)                                              0.11      0.06       4.69 r
  n126 (net)                                    1         0.00                0.00       4.69 r
  U1185/B1 (AOI12X4IAR9)                                            0.11      0.00 *     4.69 r
  U1185/O (AOI12X4IAR9)                                             0.05      0.06       4.74 f
  n851 (net)                                    2         0.00                0.00       4.74 f
  U879/I (CLKINVX2AR9)                                              0.05      0.00 *     4.74 f
  U879/O (CLKINVX2AR9)                                              0.03      0.04       4.78 r
  n1347 (net)                                   1         0.00                0.00       4.78 r
  U874/I2 (NAND2X1OAR9)                                             0.03      0.00 *     4.78 r
  U874/O (NAND2X1OAR9)                                              0.05      0.05       4.82 f
  n1349 (net)                                   1         0.00                0.00       4.82 f
  U875/I2 (NAND2X2AR9)                                              0.05      0.00 *     4.82 f
  U875/O (NAND2X2AR9)                                               0.03      0.04       4.86 r
  n852 (net)                                    1         0.00                0.00       4.86 r
  U1187/B1B (OAI22B2X05AR9)                                         0.03      0.00 *     4.86 r
  U1187/O (OAI22B2X05AR9)                                           0.12      0.11       4.97 r
  n169 (net)                                    1         0.00                0.00       4.97 r
  partialSum_reg[27]/D (DFFRBQX2AR9)                                0.12      0.00 *     4.97 r
  data arrival time                                                                      4.97

  clock Int_clk (rise edge)                                                   4.82       4.82
  clock network delay (ideal)                                                 0.55       5.37
  clock uncertainty                                                          -0.30       5.07
  partialSum_reg[27]/CK (DFFRBQX2AR9)                                         0.00       5.07 r
  library setup time                                                         -0.10       4.97
  data required time                                                                     4.97
  ----------------------------------------------------------------------------------------------
  data required time                                                                     4.97
  data arrival time                                                                     -4.97
  ----------------------------------------------------------------------------------------------
  slack (MET)                                                                            0.00


  Startpoint: fsm_cntGP_value_reg[0]
              (rising edge-triggered flip-flop clocked by Int_clk)
  Endpoint: load_ready (output port clocked by Int_clk)
  Path Group: OUTPUTS
  Path Type: max

  Point                                       Fanout       Cap     Trans      Incr       Path
  ----------------------------------------------------------------------------------------------
  clock Int_clk (rise edge)                                                   0.00       0.00
  clock network delay (ideal)                                                 0.55       0.55
  fsm_cntGP_value_reg[0]/CK (DFFRBQX05AR9)                          0.08      0.00       0.55 r
  fsm_cntGP_value_reg[0]/Q (DFFRBQX05AR9)                           0.16      0.29       0.84 r
  fsm_adrForInput[0] (net)                      3         0.01                0.00       0.84 r
  U752/I4 (NAND4X1AR9)                                              0.16      0.00 *     0.84 r
  U752/O (NAND4X1AR9)                                               0.15      0.16       1.00 f
  n902 (net)                                    1         0.00                0.00       1.00 f
  U751/I3 (NOR3X1AR9)                                               0.15      0.00 *     1.00 f
  U751/O (NOR3X1AR9)                                                0.27      0.22       1.22 r
  n903 (net)                                    2         0.00                0.00       1.22 r
  U2228/I3 (NAND3X1AR9)                                             0.27      0.00 *     1.22 r
  U2228/O (NAND3X1AR9)                                              0.24      0.22       1.43 f
  n2209 (net)                                   3         0.01                0.00       1.43 f
  U723/I1 (NOR2X1AR9)                                               0.24      0.00 *     1.43 f
  U723/O (NOR2X1AR9)                                                0.24      0.21       1.65 r
  n1101 (net)                                   2         0.01                0.00       1.65 r
  U434/I1 (NAND2X05AR9)                                             0.24      0.00 *     1.65 r
  U434/O (NAND2X05AR9)                                              0.24      0.22       1.87 f
  n908 (net)                                    2         0.01                0.00       1.87 f
  U1212/I1 (CLKAND2X3AR9)                                           0.24      0.00 *     1.87 f
  U1212/O (CLKAND2X3AR9)                                            0.22      0.29       2.15 f
  load_ready (net)                              2         0.06                0.00       2.15 f
  load_ready (out)                                                  0.22      0.02 *     2.17 f
  data arrival time                                                                      2.17

  clock Int_clk (rise edge)                                                   4.82       4.82
  clock network delay (ideal)                                                 0.55       5.37
  clock uncertainty                                                          -0.30       5.07
  output external delay                                                      -2.89       2.18
  data required time                                                                     2.18
  ----------------------------------------------------------------------------------------------
  data required time                                                                     2.18
  data arrival time                                                                     -2.17
  ----------------------------------------------------------------------------------------------
  slack (MET)                                                                            0.01


  Startpoint: fsm_stateReg_reg[0]
              (rising edge-triggered flip-flop clocked by Int_clk)
  Endpoint: result_payload[15]
            (output port clocked by Int_clk)
  Path Group: OUTPUTS
  Path Type: max

  Point                                       Fanout       Cap     Trans      Incr       Path
  ----------------------------------------------------------------------------------------------
  clock Int_clk (rise edge)                                                   0.00       0.00
  clock network delay (ideal)                                                 0.55       0.55
  fsm_stateReg_reg[0]/CK (DFFRBQX1AR9)                              0.08      0.00       0.55 r
  fsm_stateReg_reg[0]/Q (DFFRBQX1AR9)                               0.15      0.30       0.85 f
  fsm_stateReg[0] (net)                         6         0.02                0.00       0.85 f
  U342/I3 (NOR3X2AR9)                                               0.15      0.00 *     0.85 f
  U342/O (NOR3X2AR9)                                                0.14      0.14       0.99 r
  n911 (net)                                    2         0.00                0.00       0.99 r
  U1199/I2 (CLKNAND2X2AR9)                                          0.14      0.00 *     0.99 r
  U1199/O (CLKNAND2X2AR9)                                           0.16      0.12       1.11 f
  n913 (net)                                    4         0.01                0.00       1.11 f
  U327/B2 (AND2B1X3AR9)                                             0.16      0.00 *     1.11 f
  U327/O (AND2B1X3AR9)                                              0.21      0.27       1.38 r
  n2210 (net)                                   2         0.05                0.00       1.38 r
  U2135/I (BUFX2AR9)                                                0.21      0.01 *     1.40 r
  U2135/O (BUFX2AR9)                                                0.27      0.24       1.63 r
  n2174 (net)                                   9         0.04                0.00       1.63 r
  U2134/I (CLKBUFX2AR9)                                             0.27      0.00 *     1.64 r
  U2134/O (CLKBUFX2AR9)                                             0.27      0.27       1.90 r
  n2059 (net)                                   8         0.04                0.00       1.90 r
  U376/I1 (CLKAND2X2AR9)                                            0.27      0.01 *     1.92 r
  U376/O (CLKAND2X2AR9)                                             0.22      0.25       2.17 r
  result_payload[15] (net)                      1         0.04                0.00       2.17 r
  result_payload[15] (out)                                          0.22      0.00 *     2.17 r
  data arrival time                                                                      2.17

  clock Int_clk (rise edge)                                                   4.82       4.82
  clock network delay (ideal)                                                 0.55       5.37
  clock uncertainty                                                          -0.30       5.07
  output external delay                                                      -2.89       2.18
  data required time                                                                     2.18
  ----------------------------------------------------------------------------------------------
  data required time                                                                     2.18
  data arrival time                                                                     -2.17
  ----------------------------------------------------------------------------------------------
  slack (MET)                                                                            0.01


  Startpoint: partialSum_reg[8]
              (rising edge-triggered flip-flop clocked by Int_clk)
  Endpoint: memForAorB_1/ram1rw_4/ram
            (rising edge-triggered flip-flop clocked by Int_clk)
  Path Group: REG2MEM
  Path Type: max

  Point                                       Fanout       Cap     Trans      Incr       Path
  ----------------------------------------------------------------------------------------------
  clock Int_clk (rise edge)                                                   0.00       0.00
  clock network delay (ideal)                                                 0.55       0.55
  partialSum_reg[8]/CK (DFFRBQX4K1AR9)                              0.08      0.00       0.55 r
  partialSum_reg[8]/Q (DFFRBQX4K1AR9)                               0.10      0.24       0.79 r
  temp_temp_when_SInt_l130_1[0] (net)           5         0.03                0.00       0.79 r
  U488/I2 (HAX2AR9)                                                 0.10      0.01 *     0.79 r
  U488/CO (HAX2AR9)                                                 0.05      0.11       0.91 r
  n1187 (net)                                   1         0.00                0.00       0.91 r
  U852/I2 (HAX2AR9)                                                 0.05      0.00 *     0.91 r
  U852/CO (HAX2AR9)                                                 0.07      0.11       1.02 r
  n1190 (net)                                   1         0.01                0.00       1.02 r
  U1371/I2 (HAX2AR9)                                                0.07      0.00 *     1.02 r
  U1371/CO (HAX2AR9)                                                0.05      0.11       1.13 r
  n1193 (net)                                   1         0.00                0.00       1.13 r
  U719/I2 (HAX2AR9)                                                 0.05      0.00 *     1.13 r
  U719/CO (HAX2AR9)                                                 0.05      0.10       1.23 r
  n1196 (net)                                   1         0.00                0.00       1.23 r
  U1376/I2 (HAX2AR9)                                                0.05      0.00 *     1.23 r
  U1376/CO (HAX2AR9)                                                0.05      0.10       1.33 r
  n1199 (net)                                   1         0.00                0.00       1.33 r
  U718/I2 (HAX2AR9)                                                 0.05      0.00 *     1.33 r
  U718/CO (HAX2AR9)                                                 0.07      0.11       1.44 r
  n1202 (net)                                   1         0.01                0.00       1.44 r
  U1381/I2 (HAX2AR9)                                                0.07      0.00 *     1.44 r
  U1381/CO (HAX2AR9)                                                0.05      0.11       1.54 r
  n1205 (net)                                   1         0.00                0.00       1.54 r
  U717/I2 (HAX3AR9)                                                 0.05      0.00 *     1.54 r
  U717/CO (HAX3AR9)                                                 0.09      0.14       1.68 r
  n1208 (net)                                   1         0.02                0.00       1.68 r
  U1386/I2 (HAX2AR9)                                                0.09      0.00 *     1.69 r
  U1386/CO (HAX2AR9)                                                0.05      0.11       1.80 r
  n1211 (net)                                   1         0.00                0.00       1.80 r
  U716/I2 (HAX2AR9)                                                 0.05      0.00 *     1.80 r
  U716/CO (HAX2AR9)                                                 0.06      0.10       1.90 r
  n1214 (net)                                   1         0.00                0.00       1.90 r
  U1391/I2 (HAX2AR9)                                                0.06      0.00 *     1.90 r
  U1391/CO (HAX2AR9)                                                0.05      0.10       2.00 r
  n1217 (net)                                   1         0.00                0.00       2.00 r
  U356/I2 (HAX2AR9)                                                 0.05      0.00 *     2.00 r
  U356/CO (HAX2AR9)                                                 0.05      0.10       2.10 r
  n873 (net)                                    1         0.00                0.00       2.10 r
  U354/I2 (HAX2AR9)                                                 0.05      0.00 *     2.10 r
  U354/CO (HAX2AR9)                                                 0.09      0.13       2.22 r
  n892 (net)                                    1         0.01                0.00       2.22 r
  U353/I2 (HAX2AR9)                                                 0.09      0.00 *     2.22 r
  U353/CO (HAX2AR9)                                                 0.05      0.11       2.33 r
  n894 (net)                                    1         0.00                0.00       2.33 r
  U341/I2 (HAX3AR9)                                                 0.05      0.00 *     2.33 r
  U341/CO (HAX3AR9)                                                 0.11      0.15       2.48 r
  n859 (net)                                    1         0.02                0.00       2.48 r
  U352/I2 (HAX2AR9)                                                 0.11      0.00 *     2.49 r
  U352/CO (HAX2AR9)                                                 0.05      0.11       2.60 r
  n860 (net)                                    1         0.00                0.00       2.60 r
  U351/I2 (HAX2AR9)                                                 0.05      0.00 *     2.60 r
  U351/CO (HAX2AR9)                                                 0.05      0.10       2.70 r
  n858 (net)                                    1         0.00                0.00       2.70 r
  U350/I2 (HAX2AR9)                                                 0.05      0.00 *     2.70 r
  U350/CO (HAX2AR9)                                                 0.05      0.10       2.80 r
  n861 (net)                                    1         0.00                0.00       2.80 r
  U390/I2 (HAX2AR9)                                                 0.05      0.00 *     2.80 r
  U390/CO (HAX2AR9)                                                 0.05      0.10       2.89 r
  n857 (net)                                    1         0.00                0.00       2.89 r
  U388/I2 (HAX2AR9)                                                 0.05      0.00 *     2.89 r
  U388/CO (HAX2AR9)                                                 0.05      0.10       2.99 r
  n856 (net)                                    1         0.00                0.00       2.99 r
  U386/I2 (HAX3AR9)                                                 0.05      0.00 *     2.99 r
  U386/CO (HAX3AR9)                                                 0.04      0.10       3.10 r
  n862 (net)                                    1         0.00                0.00       3.10 r
  U385/I2 (HAX2AR9)                                                 0.04      0.00 *     3.10 r
  U385/CO (HAX2AR9)                                                 0.05      0.10       3.19 r
  n855 (net)                                    1         0.00                0.00       3.19 r
  U483/I2 (HAX1AR9)                                                 0.05      0.00 *     3.19 r
  U483/CO (HAX1AR9)                                                 0.07      0.10       3.29 r
  n854 (net)                                    1         0.00                0.00       3.29 r
  U482/I2 (HAX1AR9)                                                 0.07      0.00 *     3.30 r
  U482/CO (HAX1AR9)                                                 0.05      0.10       3.39 r
  n865 (net)                                    1         0.00                0.00       3.39 r
  U340/I2 (HAX05AR9)                                                0.05      0.00 *     3.39 r
  U340/CO (HAX05AR9)                                                0.07      0.13       3.52 r
  n867 (net)                                    1         0.00                0.00       3.52 r
  U492/I2 (HAX05AR9)                                                0.07      0.00 *     3.52 r
  U492/CO (HAX05AR9)                                                0.08      0.14       3.66 r
  n869 (net)                                    2         0.00                0.00       3.66 r
  U1191/B2 (AND2B1X3AR9)                                            0.08      0.00 *     3.66 r
  U1191/O (AND2B1X3AR9)                                             0.10      0.17       3.83 f
  n1168 (net)                                   4         0.03                0.00       3.83 f
  U907/A1 (AO13X1AR9)                                               0.10      0.00 *     3.83 f
  U907/O (AO13X1AR9)                                                0.05      0.15       3.98 f
  n2244 (net)                                   1         0.00                0.00       3.98 f
  U232/I (CLKINVX3AR9)                                              0.05      0.00 *     3.98 f
  U232/O (CLKINVX3AR9)                                              0.29      0.19       4.17 r
  n2073 (net)                                  15         0.07                0.00       4.17 r
  U1387/I1 (NOR2X1OAR9)                                             0.29      0.03 *     4.20 r
  U1387/O (NOR2X1OAR9)                                              0.16      0.17       4.37 f
  n1236 (net)                                   2         0.01                0.00       4.37 f
  U801/I1 (NOR2X1AR9)                                               0.16      0.00 *     4.37 f
  U801/O (NOR2X1AR9)                                                0.22      0.18       4.55 r
  memForAorB_1_D[8] (net)                       1         0.01                0.00       4.55 r
  memForAorB_1/ram1rw_4/ram/D[8] (mem55lpw256d16sp)                 0.22      0.00 *     4.55 r
  data arrival time                                                                      4.55

  clock Int_clk (rise edge)                                                   4.82       4.82
  clock network delay (ideal)                                                 0.55       5.37
  clock uncertainty                                                          -0.30       5.07
  memForAorB_1/ram1rw_4/ram/CLK (mem55lpw256d16sp)                            0.00       5.07 r
  library setup time                                                         -0.52       4.55
  data required time                                                                     4.55
  ----------------------------------------------------------------------------------------------
  data required time                                                                     4.55
  data arrival time                                                                     -4.55
  ----------------------------------------------------------------------------------------------
  slack (MET)                                                                            0.00


  Startpoint: partialSum_reg[8]
              (rising edge-triggered flip-flop clocked by Int_clk)
  Endpoint: memForAorB_1/ram1rw_4/ram
            (rising edge-triggered flip-flop clocked by Int_clk)
  Path Group: REG2MEM
  Path Type: max

  Point                                       Fanout       Cap     Trans      Incr       Path
  ----------------------------------------------------------------------------------------------
  clock Int_clk (rise edge)                                                   0.00       0.00
  clock network delay (ideal)                                                 0.55       0.55
  partialSum_reg[8]/CK (DFFRBQX4K1AR9)                              0.08      0.00       0.55 r
  partialSum_reg[8]/Q (DFFRBQX4K1AR9)                               0.10      0.24       0.79 r
  temp_temp_when_SInt_l130_1[0] (net)           5         0.03                0.00       0.79 r
  U488/I2 (HAX2AR9)                                                 0.10      0.01 *     0.79 r
  U488/CO (HAX2AR9)                                                 0.05      0.11       0.91 r
  n1187 (net)                                   1         0.00                0.00       0.91 r
  U852/I2 (HAX2AR9)                                                 0.05      0.00 *     0.91 r
  U852/CO (HAX2AR9)                                                 0.07      0.11       1.02 r
  n1190 (net)                                   1         0.01                0.00       1.02 r
  U1371/I2 (HAX2AR9)                                                0.07      0.00 *     1.02 r
  U1371/CO (HAX2AR9)                                                0.05      0.11       1.13 r
  n1193 (net)                                   1         0.00                0.00       1.13 r
  U719/I2 (HAX2AR9)                                                 0.05      0.00 *     1.13 r
  U719/CO (HAX2AR9)                                                 0.05      0.10       1.23 r
  n1196 (net)                                   1         0.00                0.00       1.23 r
  U1376/I2 (HAX2AR9)                                                0.05      0.00 *     1.23 r
  U1376/CO (HAX2AR9)                                                0.05      0.10       1.33 r
  n1199 (net)                                   1         0.00                0.00       1.33 r
  U718/I2 (HAX2AR9)                                                 0.05      0.00 *     1.33 r
  U718/CO (HAX2AR9)                                                 0.07      0.11       1.44 r
  n1202 (net)                                   1         0.01                0.00       1.44 r
  U1381/I2 (HAX2AR9)                                                0.07      0.00 *     1.44 r
  U1381/CO (HAX2AR9)                                                0.05      0.11       1.54 r
  n1205 (net)                                   1         0.00                0.00       1.54 r
  U717/I2 (HAX3AR9)                                                 0.05      0.00 *     1.54 r
  U717/CO (HAX3AR9)                                                 0.09      0.14       1.68 r
  n1208 (net)                                   1         0.02                0.00       1.68 r
  U1386/I2 (HAX2AR9)                                                0.09      0.00 *     1.69 r
  U1386/CO (HAX2AR9)                                                0.05      0.11       1.80 r
  n1211 (net)                                   1         0.00                0.00       1.80 r
  U716/I2 (HAX2AR9)                                                 0.05      0.00 *     1.80 r
  U716/CO (HAX2AR9)                                                 0.06      0.10       1.90 r
  n1214 (net)                                   1         0.00                0.00       1.90 r
  U1391/I2 (HAX2AR9)                                                0.06      0.00 *     1.90 r
  U1391/CO (HAX2AR9)                                                0.05      0.10       2.00 r
  n1217 (net)                                   1         0.00                0.00       2.00 r
  U356/I2 (HAX2AR9)                                                 0.05      0.00 *     2.00 r
  U356/CO (HAX2AR9)                                                 0.05      0.10       2.10 r
  n873 (net)                                    1         0.00                0.00       2.10 r
  U354/I2 (HAX2AR9)                                                 0.05      0.00 *     2.10 r
  U354/CO (HAX2AR9)                                                 0.09      0.13       2.22 r
  n892 (net)                                    1         0.01                0.00       2.22 r
  U353/I2 (HAX2AR9)                                                 0.09      0.00 *     2.22 r
  U353/CO (HAX2AR9)                                                 0.05      0.11       2.33 r
  n894 (net)                                    1         0.00                0.00       2.33 r
  U341/I2 (HAX3AR9)                                                 0.05      0.00 *     2.33 r
  U341/CO (HAX3AR9)                                                 0.11      0.15       2.48 r
  n859 (net)                                    1         0.02                0.00       2.48 r
  U352/I2 (HAX2AR9)                                                 0.11      0.00 *     2.49 r
  U352/CO (HAX2AR9)                                                 0.05      0.11       2.60 r
  n860 (net)                                    1         0.00                0.00       2.60 r
  U351/I2 (HAX2AR9)                                                 0.05      0.00 *     2.60 r
  U351/CO (HAX2AR9)                                                 0.05      0.10       2.70 r
  n858 (net)                                    1         0.00                0.00       2.70 r
  U350/I2 (HAX2AR9)                                                 0.05      0.00 *     2.70 r
  U350/CO (HAX2AR9)                                                 0.05      0.10       2.80 r
  n861 (net)                                    1         0.00                0.00       2.80 r
  U390/I2 (HAX2AR9)                                                 0.05      0.00 *     2.80 r
  U390/CO (HAX2AR9)                                                 0.05      0.10       2.89 r
  n857 (net)                                    1         0.00                0.00       2.89 r
  U388/I2 (HAX2AR9)                                                 0.05      0.00 *     2.89 r
  U388/CO (HAX2AR9)                                                 0.05      0.10       2.99 r
  n856 (net)                                    1         0.00                0.00       2.99 r
  U386/I2 (HAX3AR9)                                                 0.05      0.00 *     2.99 r
  U386/CO (HAX3AR9)                                                 0.04      0.10       3.10 r
  n862 (net)                                    1         0.00                0.00       3.10 r
  U385/I2 (HAX2AR9)                                                 0.04      0.00 *     3.10 r
  U385/CO (HAX2AR9)                                                 0.05      0.10       3.19 r
  n855 (net)                                    1         0.00                0.00       3.19 r
  U483/I2 (HAX1AR9)                                                 0.05      0.00 *     3.19 r
  U483/CO (HAX1AR9)                                                 0.07      0.10       3.29 r
  n854 (net)                                    1         0.00                0.00       3.29 r
  U482/I2 (HAX1AR9)                                                 0.07      0.00 *     3.30 r
  U482/CO (HAX1AR9)                                                 0.05      0.10       3.39 r
  n865 (net)                                    1         0.00                0.00       3.39 r
  U340/I2 (HAX05AR9)                                                0.05      0.00 *     3.39 r
  U340/CO (HAX05AR9)                                                0.07      0.13       3.52 r
  n867 (net)                                    1         0.00                0.00       3.52 r
  U492/I2 (HAX05AR9)                                                0.07      0.00 *     3.52 r
  U492/CO (HAX05AR9)                                                0.08      0.14       3.66 r
  n869 (net)                                    2         0.00                0.00       3.66 r
  U1191/B2 (AND2B1X3AR9)                                            0.08      0.00 *     3.66 r
  U1191/O (AND2B1X3AR9)                                             0.10      0.17       3.83 f
  n1168 (net)                                   4         0.03                0.00       3.83 f
  U907/A1 (AO13X1AR9)                                               0.10      0.00 *     3.83 f
  U907/O (AO13X1AR9)                                                0.05      0.15       3.98 f
  n2244 (net)                                   1         0.00                0.00       3.98 f
  U232/I (CLKINVX3AR9)                                              0.05      0.00 *     3.98 f
  U232/O (CLKINVX3AR9)                                              0.29      0.19       4.17 r
  n2073 (net)                                  15         0.07                0.00       4.17 r
  U1389/I1 (NOR2X1OAR9)                                             0.29      0.03 *     4.20 r
  U1389/O (NOR2X1OAR9)                                              0.15      0.16       4.36 f
  n1237 (net)                                   2         0.01                0.00       4.36 f
  U800/I1 (NOR2X1AR9)                                               0.15      0.00 *     4.36 f
  U800/O (NOR2X1AR9)                                                0.23      0.19       4.55 r
  memForAorB_1_D[9] (net)                       1         0.01                0.00       4.55 r
  memForAorB_1/ram1rw_4/ram/D[9] (mem55lpw256d16sp)                 0.23      0.00 *     4.55 r
  data arrival time                                                                      4.55

  clock Int_clk (rise edge)                                                   4.82       4.82
  clock network delay (ideal)                                                 0.55       5.37
  clock uncertainty                                                          -0.30       5.07
  memForAorB_1/ram1rw_4/ram/CLK (mem55lpw256d16sp)                            0.00       5.07 r
  library setup time                                                         -0.52       4.55
  data required time                                                                     4.55
  ----------------------------------------------------------------------------------------------
  data required time                                                                     4.55
  data arrival time                                                                     -4.55
  ----------------------------------------------------------------------------------------------
  slack (MET)                                                                            0.00


  Startpoint: fsm_cntLayers_value_reg[0]
              (rising edge-triggered flip-flop clocked by Int_clk)
  Endpoint: partialSum_reg[34]
            (rising edge-triggered flip-flop clocked by Int_clk)
  Path Group: REG2REG
  Path Type: max

  Point                                       Fanout       Cap     Trans      Incr       Path
  ----------------------------------------------------------------------------------------------
  clock Int_clk (rise edge)                                                   0.00       0.00
  clock network delay (ideal)                                                 0.55       0.55
  fsm_cntLayers_value_reg[0]/CK (DFFRBQX2AR9)                       0.08      0.00       0.55 r
  fsm_cntLayers_value_reg[0]/Q (DFFRBQX2AR9)                        0.25      0.37       0.92 r
  temp_fsm_adrForWeight_1[8] (net)              5         0.04                0.00       0.92 r
  U30/I (CLKBUFX6AR9)                                               0.25      0.00 *     0.92 r
  U30/O (CLKBUFX6AR9)                                               0.22      0.24       1.17 r
  n2252 (net)                                  29         0.10                0.00       1.17 r
  U219/I (INVX05AR9)                                                0.22      0.03 *     1.20 r
  U219/O (INVX05AR9)                                                0.10      0.11       1.31 f
  n123 (net)                                    1         0.00                0.00       1.31 f
  U216/I2 (NAND2X4AR9)                                              0.10      0.00 *     1.31 f
  U216/O (NAND2X4AR9)                                               0.05      0.06       1.37 r
  n124 (net)                                    1         0.01                0.00       1.37 r
  U218/I1 (NAND2X3AR9)                                              0.05      0.00 *     1.37 r
  U218/O (NAND2X3AR9)                                               0.30      0.20       1.57 f
  n802 (net)                                   19         0.06                0.00       1.57 f
  U454/I2 (XOR2X1AR9)                                               0.30      0.00 *     1.58 f
  U454/O (XOR2X1AR9)                                                0.08      0.26       1.84 f
  n198 (net)                                    1         0.00                0.00       1.84 f
  U698/I1 (CLKNAND2X3AR9)                                           0.08      0.00 *     1.84 f
  U698/O (CLKNAND2X3AR9)                                            0.08      0.06       1.90 r
  n809 (net)                                    1         0.01                0.00       1.90 r
  U1751/I (BUFX12AR9)                                               0.08      0.00 *     1.90 r
  U1751/O (BUFX12AR9)                                               0.08      0.11       2.01 r
  n1703 (net)                                  17         0.06                0.00       2.01 r
  U930/B1 (OAI22X3AR9)                                              0.08      0.00 *     2.01 r
  U930/O (OAI22X3AR9)                                               0.12      0.09       2.10 f
  n506 (net)                                    1         0.01                0.00       2.10 f
  U1042/I2 (HAX2AR9)                                                0.12      0.00 *     2.10 f
  U1042/CO (HAX2AR9)                                                0.04      0.12       2.22 f
  n542 (net)                                    3         0.01                0.00       2.22 f
  U641/I1 (OR2X1AR9)                                                0.04      0.00 *     2.22 f
  U641/O (OR2X1AR9)                                                 0.11      0.15       2.37 f
  n590 (net)                                    1         0.01                0.00       2.37 f
  U849/CI (FAX1AR9)                                                 0.11      0.00 *     2.37 f
  U849/CO (FAX1AR9)                                                 0.19      0.32       2.69 f
  n601 (net)                                    5         0.02                0.00       2.69 f
  U1733/I1 (NAND2X1AR9)                                             0.19      0.00 *     2.69 f
  U1733/O (NAND2X1AR9)                                              0.11      0.11       2.81 r
  n1688 (net)                                   1         0.00                0.00       2.81 r
  U1686/I2 (NAND3X4AR9)                                             0.11      0.00 *     2.81 r
  U1686/O (NAND3X4AR9)                                              0.14      0.13       2.93 f
  n662 (net)                                    5         0.02                0.00       2.93 f
  U1685/I (CLKINVX2AR9)                                             0.14      0.00 *     2.93 f
  U1685/O (CLKINVX2AR9)                                             0.07      0.07       3.00 r
  n1636 (net)                                   2         0.01                0.00       3.00 r
  U1682/I3 (NAND3X2AR9)                                             0.07      0.00 *     3.00 r
  U1682/O (NAND3X2AR9)                                              0.12      0.11       3.11 f
  n1639 (net)                                   2         0.01                0.00       3.11 f
  U180/I3 (NAND4X3AR9)                                              0.12      0.00 *     3.11 f
  U180/O (NAND4X3AR9)                                               0.07      0.08       3.19 r
  n1445 (net)                                   2         0.01                0.00       3.19 r
  U432/I (INVX2AR9)                                                 0.07      0.00 *     3.19 r
  U432/O (INVX2AR9)                                                 0.04      0.05       3.23 f
  n1926 (net)                                   2         0.01                0.00       3.23 f
  U1984/I2 (NAND3X1AR9)                                             0.04      0.00 *     3.23 f
  U1984/O (NAND3X1AR9)                                              0.08      0.06       3.29 r
  n1930 (net)                                   1         0.00                0.00       3.29 r
  U225/I2 (NAND2X2AR9)                                              0.08      0.00 *     3.29 r
  U225/O (NAND2X2AR9)                                               0.04      0.05       3.35 f
  n130 (net)                                    1         0.00                0.00       3.35 f
  U227/I (CLKINVX2AR9)                                              0.04      0.00 *     3.35 f
  U227/O (CLKINVX2AR9)                                              0.05      0.05       3.40 r
  n131 (net)                                    1         0.01                0.00       3.40 r
  U226/I1 (NAND2X6AR9)                                              0.05      0.00 *     3.40 r
  U226/O (NAND2X6AR9)                                               0.08      0.07       3.47 f
  n634 (net)                                    2         0.03                0.00       3.47 f
  U1111/I1 (NAND2X2AR9)                                             0.08      0.01 *     3.47 f
  U1111/O (NAND2X2AR9)                                              0.07      0.06       3.54 r
  n1065 (net)                                   2         0.01                0.00       3.54 r
  U381/A1 (OA12X1AR9)                                               0.07      0.00 *     3.54 r
  U381/O (OA12X1AR9)                                                0.04      0.10       3.64 r
  n2326 (net)                                   1         0.00                0.00       3.64 r
  U2075/I2 (AND2X2AR9)                                              0.04      0.00 *     3.64 r
  U2075/O (AND2X2AR9)                                               0.06      0.11       3.75 r
  n637 (net)                                    1         0.01                0.00       3.75 r
  U1113/A1 (OAI12X4IAR9)                                            0.06      0.00 *     3.75 r
  U1113/O (OAI12X4IAR9)                                             0.08      0.07       3.81 f
  n1028 (net)                                   1         0.01                0.00       3.81 f
  U1450/I (INVX12AR9)                                               0.08      0.00 *     3.81 f
  U1450/O (INVX12AR9)                                               0.09      0.08       3.89 r
  n2077 (net)                                   5         0.07                0.00       3.89 r
  U648/I1 (NOR2X4OAR9)                                              0.10      0.03 *     3.93 r
  U648/O (NOR2X4OAR9)                                               0.03      0.04       3.96 f
  n1420 (net)                                   1         0.00                0.00       3.96 f
  U672/I1 (NOR2X4AR9)                                               0.03      0.00 *     3.97 f
  U672/O (NOR2X4AR9)                                                0.12      0.08       4.05 r
  n1055 (net)                                   2         0.01                0.00       4.05 r
  U387/B1 (OAI12X4IAR9)                                             0.12      0.00 *     4.05 r
  U387/O (OAI12X4IAR9)                                              0.09      0.07       4.12 f
  n1075 (net)                                   2         0.01                0.00       4.12 f
  U1179/B1 (AOI12X4IAR9)                                            0.09      0.00 *     4.12 f
  U1179/O (AOI12X4IAR9)                                             0.09      0.07       4.19 r
  n1114 (net)                                   2         0.01                0.00       4.19 r
  U468/B1 (OAI12X4IAR9)                                             0.09      0.00 *     4.19 r
  U468/O (OAI12X4IAR9)                                              0.09      0.05       4.24 f
  n1108 (net)                                   2         0.01                0.00       4.24 f
  U797/I1 (CLKXNOR2X1AR9)                                           0.09      0.00 *     4.24 f
  U797/O (CLKXNOR2X1AR9)                                            0.05      0.19       4.43 f
  n1110 (net)                                   1         0.00                0.00       4.43 f
  U344/B1B (OAI22B2X2AR9)                                           0.05      0.00 *     4.43 f
  U344/O (OAI22B2X2AR9)                                             0.04      0.12       4.55 f
  n176 (net)                                    1         0.00                0.00       4.55 f
  partialSum_reg[34]/D (DFFRBQX05AR9)                               0.04      0.00 *     4.55 f
  data arrival time                                                                      4.55

  clock Int_clk (rise edge)                                                   4.82       4.82
  clock network delay (ideal)                                                 0.55       5.37
  clock uncertainty                                                          -0.30       5.07
  partialSum_reg[34]/CK (DFFRBQX05AR9)                                        0.00       5.07 r
  library setup time                                                         -0.02       5.05
  data required time                                                                     5.05
  ----------------------------------------------------------------------------------------------
  data required time                                                                     5.05
  data arrival time                                                                     -4.55
  ----------------------------------------------------------------------------------------------
  slack (MET)                                                                            0.50


  Startpoint: fsm_cntLayers_value_reg[0]
              (rising edge-triggered flip-flop clocked by Int_clk)
  Endpoint: partialSum_reg[34]
            (rising edge-triggered flip-flop clocked by Int_clk)
  Path Group: REG2REG
  Path Type: max

  Point                                       Fanout       Cap     Trans      Incr       Path
  ----------------------------------------------------------------------------------------------
  clock Int_clk (rise edge)                                                   0.00       0.00
  clock network delay (ideal)                                                 0.55       0.55
  fsm_cntLayers_value_reg[0]/CK (DFFRBQX2AR9)                       0.08      0.00       0.55 r
  fsm_cntLayers_value_reg[0]/Q (DFFRBQX2AR9)                        0.25      0.37       0.92 r
  temp_fsm_adrForWeight_1[8] (net)              5         0.04                0.00       0.92 r
  U30/I (CLKBUFX6AR9)                                               0.25      0.00 *     0.92 r
  U30/O (CLKBUFX6AR9)                                               0.22      0.24       1.17 r
  n2252 (net)                                  29         0.10                0.00       1.17 r
  U219/I (INVX05AR9)                                                0.22      0.03 *     1.20 r
  U219/O (INVX05AR9)                                                0.10      0.11       1.31 f
  n123 (net)                                    1         0.00                0.00       1.31 f
  U216/I2 (NAND2X4AR9)                                              0.10      0.00 *     1.31 f
  U216/O (NAND2X4AR9)                                               0.05      0.06       1.37 r
  n124 (net)                                    1         0.01                0.00       1.37 r
  U218/I1 (NAND2X3AR9)                                              0.05      0.00 *     1.37 r
  U218/O (NAND2X3AR9)                                               0.30      0.20       1.57 f
  n802 (net)                                   19         0.06                0.00       1.57 f
  U454/I2 (XOR2X1AR9)                                               0.30      0.00 *     1.58 f
  U454/O (XOR2X1AR9)                                                0.08      0.26       1.84 f
  n198 (net)                                    1         0.00                0.00       1.84 f
  U698/I1 (CLKNAND2X3AR9)                                           0.08      0.00 *     1.84 f
  U698/O (CLKNAND2X3AR9)                                            0.08      0.06       1.90 r
  n809 (net)                                    1         0.01                0.00       1.90 r
  U1751/I (BUFX12AR9)                                               0.08      0.00 *     1.90 r
  U1751/O (BUFX12AR9)                                               0.08      0.11       2.01 r
  n1703 (net)                                  17         0.06                0.00       2.01 r
  U930/B1 (OAI22X3AR9)                                              0.08      0.00 *     2.01 r
  U930/O (OAI22X3AR9)                                               0.12      0.09       2.10 f
  n506 (net)                                    1         0.01                0.00       2.10 f
  U1042/I2 (HAX2AR9)                                                0.12      0.00 *     2.10 f
  U1042/CO (HAX2AR9)                                                0.04      0.12       2.22 f
  n542 (net)                                    3         0.01                0.00       2.22 f
  U641/I1 (OR2X1AR9)                                                0.04      0.00 *     2.22 f
  U641/O (OR2X1AR9)                                                 0.11      0.15       2.37 f
  n590 (net)                                    1         0.01                0.00       2.37 f
  U849/CI (FAX1AR9)                                                 0.11      0.00 *     2.37 f
  U849/CO (FAX1AR9)                                                 0.19      0.32       2.69 f
  n601 (net)                                    5         0.02                0.00       2.69 f
  U1733/I1 (NAND2X1AR9)                                             0.19      0.00 *     2.69 f
  U1733/O (NAND2X1AR9)                                              0.11      0.11       2.81 r
  n1688 (net)                                   1         0.00                0.00       2.81 r
  U1686/I2 (NAND3X4AR9)                                             0.11      0.00 *     2.81 r
  U1686/O (NAND3X4AR9)                                              0.14      0.13       2.93 f
  n662 (net)                                    5         0.02                0.00       2.93 f
  U1685/I (CLKINVX2AR9)                                             0.14      0.00 *     2.93 f
  U1685/O (CLKINVX2AR9)                                             0.07      0.07       3.00 r
  n1636 (net)                                   2         0.01                0.00       3.00 r
  U1682/I3 (NAND3X2AR9)                                             0.07      0.00 *     3.00 r
  U1682/O (NAND3X2AR9)                                              0.12      0.11       3.11 f
  n1639 (net)                                   2         0.01                0.00       3.11 f
  U180/I3 (NAND4X3AR9)                                              0.12      0.00 *     3.11 f
  U180/O (NAND4X3AR9)                                               0.07      0.08       3.19 r
  n1445 (net)                                   2         0.01                0.00       3.19 r
  U432/I (INVX2AR9)                                                 0.07      0.00 *     3.19 r
  U432/O (INVX2AR9)                                                 0.04      0.05       3.23 f
  n1926 (net)                                   2         0.01                0.00       3.23 f
  U1984/I2 (NAND3X1AR9)                                             0.04      0.00 *     3.23 f
  U1984/O (NAND3X1AR9)                                              0.08      0.06       3.29 r
  n1930 (net)                                   1         0.00                0.00       3.29 r
  U225/I2 (NAND2X2AR9)                                              0.08      0.00 *     3.29 r
  U225/O (NAND2X2AR9)                                               0.04      0.05       3.35 f
  n130 (net)                                    1         0.00                0.00       3.35 f
  U227/I (CLKINVX2AR9)                                              0.04      0.00 *     3.35 f
  U227/O (CLKINVX2AR9)                                              0.05      0.05       3.40 r
  n131 (net)                                    1         0.01                0.00       3.40 r
  U226/I1 (NAND2X6AR9)                                              0.05      0.00 *     3.40 r
  U226/O (NAND2X6AR9)                                               0.08      0.07       3.47 f
  n634 (net)                                    2         0.03                0.00       3.47 f
  U1111/I1 (NAND2X2AR9)                                             0.08      0.01 *     3.47 f
  U1111/O (NAND2X2AR9)                                              0.07      0.06       3.54 r
  n1065 (net)                                   2         0.01                0.00       3.54 r
  U381/A1 (OA12X1AR9)                                               0.07      0.00 *     3.54 r
  U381/O (OA12X1AR9)                                                0.04      0.10       3.64 r
  n2326 (net)                                   1         0.00                0.00       3.64 r
  U2075/I2 (AND2X2AR9)                                              0.04      0.00 *     3.64 r
  U2075/O (AND2X2AR9)                                               0.06      0.11       3.75 r
  n637 (net)                                    1         0.01                0.00       3.75 r
  U1113/A1 (OAI12X4IAR9)                                            0.06      0.00 *     3.75 r
  U1113/O (OAI12X4IAR9)                                             0.08      0.07       3.81 f
  n1028 (net)                                   1         0.01                0.00       3.81 f
  U1450/I (INVX12AR9)                                               0.08      0.00 *     3.81 f
  U1450/O (INVX12AR9)                                               0.09      0.08       3.89 r
  n2077 (net)                                   5         0.07                0.00       3.89 r
  U648/I1 (NOR2X4OAR9)                                              0.10      0.03 *     3.93 r
  U648/O (NOR2X4OAR9)                                               0.03      0.04       3.96 f
  n1420 (net)                                   1         0.00                0.00       3.96 f
  U672/I1 (NOR2X4AR9)                                               0.03      0.00 *     3.97 f
  U672/O (NOR2X4AR9)                                                0.12      0.08       4.05 r
  n1055 (net)                                   2         0.01                0.00       4.05 r
  U387/B1 (OAI12X4IAR9)                                             0.12      0.00 *     4.05 r
  U387/O (OAI12X4IAR9)                                              0.09      0.07       4.12 f
  n1075 (net)                                   2         0.01                0.00       4.12 f
  U1179/B1 (AOI12X4IAR9)                                            0.09      0.00 *     4.12 f
  U1179/O (AOI12X4IAR9)                                             0.09      0.07       4.19 r
  n1114 (net)                                   2         0.01                0.00       4.19 r
  U468/B1 (OAI12X4IAR9)                                             0.09      0.00 *     4.19 r
  U468/O (OAI12X4IAR9)                                              0.09      0.05       4.24 f
  n1108 (net)                                   2         0.01                0.00       4.24 f
  U797/I1 (CLKXNOR2X1AR9)                                           0.09      0.00 *     4.24 f
  U797/O (CLKXNOR2X1AR9)                                            0.05      0.19       4.43 f
  n1110 (net)                                   1         0.00                0.00       4.43 f
  U344/B1B (OAI22B2X2AR9)                                           0.05      0.00 *     4.43 f
  U344/O (OAI22B2X2AR9)                                             0.04      0.12       4.55 f
  n176 (net)                                    1         0.00                0.00       4.55 f
  partialSum_reg[34]/D (DFFRBQX05AR9)                               0.04      0.00 *     4.55 f
  data arrival time                                                                      4.55

  clock Int_clk (rise edge)                                                   4.82       4.82
  clock network delay (ideal)                                                 0.55       5.37
  clock uncertainty                                                          -0.30       5.07
  partialSum_reg[34]/CK (DFFRBQX05AR9)                                        0.00       5.07 r
  library setup time                                                         -0.02       5.05
  data required time                                                                     5.05
  ----------------------------------------------------------------------------------------------
  data required time                                                                     5.05
  data arrival time                                                                     -4.55
  ----------------------------------------------------------------------------------------------
  slack (MET)                                                                            0.50


1
