 
****************************************
Report : design
        -physical
Design : mmForMLP
Version: O-2018.06-SP5-3
Date   : Mon Jun  3 23:36:16 2024
****************************************

****************************** P&R Summary ********************************
Date : Mon Jun  3 23:36:16 2024
Machine Host Name: 2024-vlsi-22
Working Directory: /home/user001/vlsi/pro
Library Name:      mmForMLP.mwlib
Cell Name:         pro2icc_setup.CEL;1
Design Statistics:
    Number of Macro Cells:         4
    Number of Module Cells:        2245
    Number of Pins:                14859
    Number of IO Pins:             40
    Number of Nets:                2420
    Average Pins Per Net (Signal): 3.08644

Chip Utilization:
    Total Macro Cell Area:         57792.38
    Total Std Cell Area:           6376.50
    Total Blockage Area:           61326.72
    Core Size:     width 292.76, height 322.20; area 94327.27
    Chip Size:     width 300.00, height 330.00; area 99000.00
    Std cells utilization:         19.32% 
    Cell/Core Ratio:               68.03%
    Cell/Chip Ratio:               64.82%
    Number of Cell Rows:            179

Master Instantiation:
	MasterName	Type	InstCount
	=================================
	TAP01CR9	STD	1468
	INVX05AR9	STD	253
	NAND2X05AR9	STD	233
	NAND3X1AR9	STD	154
	CLKXNOR2X1AR9	STD	97
	NAND2X1AR9	STD	84
	NOR2X1AR9	STD	61
	NAND2X2AR9	STD	60
	OR2X1AR9	STD	59
	NAND3X2AR9	STD	52
	CLKINVX2AR9	STD	45
	INVX1AR9	STD	45
	FAX1AR9		STD	43
	OAI22X05AR9	STD	40
	NAND2X4AR9	STD	40
	OAI22X1AR9	STD	35
	CLKBUFX2AR9	STD	33
	XNOR2X05AR9	STD	31
	OAI22X2AR9	STD	29
	DFFRBQX05AR9	STD	29
	CLKINVX1AR9	STD	29
	NAND2X6AR9	STD	27
	HAX2AR9		STD	23
	OAI22B2X05AR9	STD	22
	NAND3X05AR9	STD	20
	XOR2X1AR9	STD	20
	NAND4X2AR9	STD	19
	CLKNAND2X8AR9	STD	19
	OAI22X3AR9	STD	18
	CLKNAND2X2AR9	STD	16
	NAND4X3AR9	STD	16
	NAND3X3AR9	STD	16
	DFFRBQX2AR9	STD	16
	AOI12X05AR9	STD	14
	CLKNAND2X6AR9	STD	14
	NOR2X05AR9	STD	12
	CLKNAND2X1AR9	STD	12
	INVX2AR9	STD	12
	NAND2X3AR9	STD	12
	BUFX05AR9	STD	12
	NAND4X1AR9	STD	11
	NOR2X2OAR9	STD	11
	NAND2X1OAR9	STD	11
	CLKINVX3AR9	STD	11
	XOR2X05AR9	STD	10
	CLKAND2X1AR9	STD	10
	CLKBUFX3AR9	STD	10
	CLKAND2X2AR9	STD	10
	XNOR2X1AR9	STD	10
	BUFX8AR9	STD	9
	OAI12X4IAR9	STD	9
	AND2X1AR9	STD	8
	OR2X05AR9	STD	8
	DFFRBQX1AR9	STD	8
	FAX2AR9		STD	8
	NAND3X4AR9	STD	8
	AND2X05AR9	STD	7
	OAI12X05AR9	STD	7
	BUFX4AR9	STD	7
	CLKOR2X2AR9	STD	7
	AOI12X4IAR9	STD	7
	BUFX2AR9	STD	7
	OAI22B2X2AR9	STD	7
	AND2B1X3AR9	STD	7
	OA12X05AR9	STD	6
	AO12X05AR9	STD	6
	OAI22B2X1AR9	STD	6
	CLKNAND2X3AR9	STD	6
	NOR2X1OAR9	STD	6
	NAND2X1IAR9	STD	6
	CLKMUX2X2AR9	STD	5
	HAX1AR9		STD	5
	NOR3X1AR9	STD	5
	BUFX1AR9	STD	5
	NAND2X4IAR9	STD	5
	AND3X1AR9	STD	5
	OR2B1X1AR9	STD	5
	BUFX3AR9	STD	5
	BUFX12AR9	STD	5
	BUFX6AR9	STD	5
	DEL0N07X1CR9	STD	5
	AND2X4AR9	STD	5
	AO22X05AR9	STD	4
	FAX05AR9	STD	4
	NOR2X2AR9	STD	4
	CLKOR2X4AR9	STD	4
	CLKXNOR2X2AR9	STD	4
	CLKXOR2X1AR9	STD	4
	CLKOR2X3AR9	STD	4
	CLKNAND2X4AR9	STD	4
	HAX3AR9		STD	4
	NOR2X4OAR9	STD	4
	NAND2X4OAR9	STD	4
	AND2B1X1AR9	STD	3
	AOI22B2X05AR9	STD	3
	AOI22X05AR9	STD	3
	NAND2B1X1AR9	STD	3
	AO12X1AR9	STD	3
	AOI12X2AR9	STD	3
	NAND2X2OAR9	STD	3
	CLKINVX6AR9	STD	3
	CLKNOR2X1AR9	STD	3
	CLKBUFX6AR9	STD	3
	INVX3AR9	STD	3
	OAI12X4AR9	STD	3
	XNOR2X2AR9	STD	3
	CLKNOR2X2AR9	STD	3
	CLKBUFX4AR9	STD	3
	NAND4X4AR9	STD	3
	CLKOR2X1AR9	STD	3
	AND4X05AR9	STD	2
	OAI112X05AR9	STD	2
	HAX05AR9	STD	2
	NOR3X2AR9	STD	2
	OAI12X1AR9	STD	2
	AOI12X1IAR9	STD	2
	AND2X2AR9	STD	2
	CLKINVX4AR9	STD	2
	MUX2X1AR9	STD	2
	AOI12X3AR9	STD	2
	NOR2X4AR9	STD	2
	OR2X2AR9	STD	2
	NOR3X3AR9	STD	2
	INVX8AR9	STD	2
	CLKAND2X3AR9	STD	2
	CLKNOR2X3AR9	STD	2
	DFFRBQX4K1AR9	STD	2
	MUX2X2AR9	STD	2
	NAND2X2IAR9	STD	2
	INVX6AR9	STD	2
	AND2B1X05AR9	STD	1
	AOI13X05AR9	STD	1
	OAI12X2AR9	STD	1
	CLKMUX2X1AR9	STD	1
	OR2B1X05AR9	STD	1
	AOI12X1AR9	STD	1
	AO22X1AR9	STD	1
	OR4X05AR9	STD	1
	NOR4X1AR9	STD	1
	MUX2BX4AR9	STD	1
	OA12X1AR9	STD	1
	AND2DFFRBQX05AR9	STD	1
	AND2B1X2AR9	STD	1
	CLKBUFX1AR9	STD	1
	OR4X1AR9	STD	1
	AO12X4AR9	STD	1
	INVX12AR9	STD	1
	OAI12X3AR9	STD	1
	OAI12X2IAR9	STD	1
	AOI12X2IAR9	STD	1
	XOR3X05AR9	STD	1
	OR2B1X2AR9	STD	1
	AOI12X4AR9	STD	1
	AO12X2AR9	STD	1
	AOI22X3AR9	STD	1
	AOI22B2X1AR9	STD	1
	MUX2BX2AR9	STD	1
	CLKINVX8AR9	STD	1
	AND3B2X3AR9	STD	1
	NOR2X3AR9	STD	1
	DFFRBQX3AR9	STD	1
	AO13X1AR9	STD	1
	CLKBUFX8AR9	STD	1
	DFFRBQX4J1AR9	STD	1
	mem55lpw1024d16sp	MACRO	2
	mem55lpw256d16sp	MACRO	2
	=================================

Timing/Optimization Information:

Global Routing Information:

Track Assignment Information:

Detailed Routing Information:

DRC information: 
      Total error number: 0

Ring Wiring Statistics:

Stripe Wiring Statistics:
    metal2 Wire Length(count):               1636.80(2046)
    metal4 Wire Length(count):              13022.27(111)
    metal5 Wire Length(count):              18048.65(213)
  ==============================================
    Total Wire Length(count):               32707.72(2370)
    Number of via1 Contacts:           2046
    Number of via2 Contacts:           2046
    Number of via3 Contacts:           2054
    Number of via4 Contacts:           2977
  ==============================================
    Total Number of Contacts:     9123

User Wiring Statistics:

PG follow-pin Wiring Statistics:
    metal1 Wire Length(count):              20072.64(452)
    metal5 Wire Length(count):               1864.77(528)
  ==============================================
    Total Wire Length(count):               21937.41(980)
    Number of via1 Contacts:            524
    Number of via2 Contacts:            524
    Number of via3 Contacts:            526
    Number of via4 Contacts:           1044
  ==============================================
    Total Number of Contacts:     2618

Signal Wiring Statistics:
      Mask Name      Contact Code    Number Of Contacts    Percentage

  Horizontal/Vertical Wire Distribution:
    Layer      Hor. Wire (% of Hor.)     Ver. Wire (% of Ver.)
  ==============================================================
    Total              0.00                      0.00
1
