 
****************************************
Report : timing
        -path full
        -delay max
        -nets
        -max_paths 1
        -transition_time
Design : multiplier_tb
Version: O-2018.06-SP5-2
Date   : Fri Apr 19 21:16:37 2024
****************************************

Operating Conditions: TT   Library: ih55lp_hs_rvt_tt_1p20_25c_basic
Wire Load Model Mode: top

  Startpoint: b_reg[1] (rising edge-triggered flip-flop clocked by clk)
  Endpoint: z[6] (output port clocked by clk)
  Path Group: clk
  Path Type: max

Attributes:
    d - dont_touch
    u - dont_use
   mo - map_only
   so - size_only
    i - ideal_net or ideal_network
  inf - infeasible path

  Point                                       Fanout     Trans      Incr       Path      Attributes
  ---------------------------------------------------------------------------------------------------------
  clock clk (rise edge)                                             0.00       0.00
  clock network delay (ideal)                                       0.20       0.20
  b_reg[1]/CK (HSR_DQ_4)                                  0.05      0.00       0.20 r
  b_reg[1]/Q (HSR_DQ_4)                                   0.02      0.12       0.32 f
  b[1] (net)                                    4                   0.00       0.32 f
  multiplier_ins/b[1] (multiplier)                                  0.00       0.32 f
  multiplier_ins/b[1] (net)                                         0.00       0.32 f
  multiplier_ins/U4/ZN (HSR_CLKNAND2_4)                   0.03      0.02       0.34 r
  multiplier_ins/n3 (net)                       1                   0.00       0.34 r
  multiplier_ins/U7/ZN (HSR_IN_4)                         0.02      0.02       0.36 f
  multiplier_ins/_5_net_ (net)                  3                   0.00       0.36 f
  multiplier_ins/fa_ins01/b (full_adder_0)                          0.00       0.36 f
  multiplier_ins/fa_ins01/b (net)                                   0.00       0.36 f
  multiplier_ins/fa_ins01/ha_ins0/b (half_adder_16)                 0.00       0.36 f
  multiplier_ins/fa_ins01/ha_ins0/b (net)                           0.00       0.36 f
  multiplier_ins/fa_ins01/ha_ins0/U4/ZN (HSR_IN_4)        0.01      0.01       0.37 r
  multiplier_ins/fa_ins01/ha_ins0/n1 (net)      1                   0.00       0.37 r
  multiplier_ins/fa_ins01/ha_ins0/U2/ZN (HSR_CLKNAND2_2)     0.02     0.02     0.39 f
  multiplier_ins/fa_ins01/ha_ins0/n4 (net)      1                   0.00       0.39 f
  multiplier_ins/fa_ins01/ha_ins0/U3/ZN (HSR_CLKNAND2_2)     0.03     0.03     0.42 r
  multiplier_ins/fa_ins01/ha_ins0/s (net)       2                   0.00       0.42 r
  multiplier_ins/fa_ins01/ha_ins0/s (half_adder_16)                 0.00       0.42 r
  multiplier_ins/fa_ins01/s0 (net)                                  0.00       0.42 r
  multiplier_ins/fa_ins01/ha_ins1/b (half_adder_15)                 0.00       0.42 r
  multiplier_ins/fa_ins01/ha_ins1/b (net)                           0.00       0.42 r
  multiplier_ins/fa_ins01/ha_ins1/U1/ZN (HSR_CLKNAND2_2)     0.03     0.02     0.44 f
  multiplier_ins/fa_ins01/ha_ins1/n1 (net)      1                   0.00       0.44 f
  multiplier_ins/fa_ins01/ha_ins1/U2/ZN (HSR_IN_2)        0.02      0.02       0.46 r
  multiplier_ins/fa_ins01/ha_ins1/co (net)      1                   0.00       0.46 r
  multiplier_ins/fa_ins01/ha_ins1/co (half_adder_15)                0.00       0.46 r
  multiplier_ins/fa_ins01/co1 (net)                                 0.00       0.46 r
  multiplier_ins/fa_ins01/U1/Z (HSR_OR2_4)                0.02      0.03       0.49 r
  multiplier_ins/fa_ins01/co (net)              2                   0.00       0.49 r
  multiplier_ins/fa_ins01/co (full_adder_0)                         0.00       0.49 r
  multiplier_ins/co[0][1] (net)                                     0.00       0.49 r
  multiplier_ins/fa_ins02/ci (full_adder_7)                         0.00       0.49 r
  multiplier_ins/fa_ins02/ci (net)                                  0.00       0.49 r
  multiplier_ins/fa_ins02/ha_ins1/a (half_adder_13)                 0.00       0.49 r
  multiplier_ins/fa_ins02/ha_ins1/a (net)                           0.00       0.49 r
  multiplier_ins/fa_ins02/ha_ins1/U2/Z (HSR_CLKXOR2_4)     0.03     0.08       0.57 f
  multiplier_ins/fa_ins02/ha_ins1/s (net)       2                   0.00       0.57 f
  multiplier_ins/fa_ins02/ha_ins1/s (half_adder_13)                 0.00       0.57 f
  multiplier_ins/fa_ins02/s (net)                                   0.00       0.57 f
  multiplier_ins/fa_ins02/s (full_adder_7)                          0.00       0.57 f
  multiplier_ins/s[0][2] (net)                                      0.00       0.57 f
  multiplier_ins/fa_ins11/a (full_adder_6)                          0.00       0.57 f
  multiplier_ins/fa_ins11/a (net)                                   0.00       0.57 f
  multiplier_ins/fa_ins11/ha_ins0/a (half_adder_12)                 0.00       0.57 f
  multiplier_ins/fa_ins11/ha_ins0/a (net)                           0.00       0.57 f
  multiplier_ins/fa_ins11/ha_ins0/U2/Z (HSR_XOR2_2)       0.03      0.07       0.64 r
  multiplier_ins/fa_ins11/ha_ins0/s (net)       2                   0.00       0.64 r
  multiplier_ins/fa_ins11/ha_ins0/s (half_adder_12)                 0.00       0.64 r
  multiplier_ins/fa_ins11/s0 (net)                                  0.00       0.64 r
  multiplier_ins/fa_ins11/ha_ins1/b (half_adder_11)                 0.00       0.64 r
  multiplier_ins/fa_ins11/ha_ins1/b (net)                           0.00       0.64 r
  multiplier_ins/fa_ins11/ha_ins1/U3/Z (HSR_AND2_3)       0.03      0.05       0.69 r
  multiplier_ins/fa_ins11/ha_ins1/co (net)      1                   0.00       0.69 r
  multiplier_ins/fa_ins11/ha_ins1/co (half_adder_11)                0.00       0.69 r
  multiplier_ins/fa_ins11/co1 (net)                                 0.00       0.69 r
  multiplier_ins/fa_ins11/U2/ZN (HSR_NOR2_4)              0.02      0.01       0.70 f
  multiplier_ins/fa_ins11/n1 (net)              1                   0.00       0.70 f
  multiplier_ins/fa_ins11/U1/ZN (HSR_CLKN_4)              0.02      0.02       0.72 r
  multiplier_ins/fa_ins11/co (net)              3                   0.00       0.72 r
  multiplier_ins/fa_ins11/co (full_adder_6)                         0.00       0.72 r
  multiplier_ins/co[1][1] (net)                                     0.00       0.72 r
  multiplier_ins/fa_ins12/ci (full_adder_5)                         0.00       0.72 r
  multiplier_ins/fa_ins12/ci (net)                                  0.00       0.72 r
  multiplier_ins/fa_ins12/ha_ins1/a (half_adder_9)                  0.00       0.72 r
  multiplier_ins/fa_ins12/ha_ins1/a (net)                           0.00       0.72 r
  multiplier_ins/fa_ins12/ha_ins1/U4/Z (HSR_AND2_3)       0.03      0.05       0.77 r
  multiplier_ins/fa_ins12/ha_ins1/co (net)      1                   0.00       0.77 r
  multiplier_ins/fa_ins12/ha_ins1/co (half_adder_9)                 0.00       0.77 r
  multiplier_ins/fa_ins12/co1 (net)                                 0.00       0.77 r
  multiplier_ins/fa_ins12/U2/ZN (HSR_NOR2_4)              0.02      0.02       0.78 f
  multiplier_ins/fa_ins12/n1 (net)              1                   0.00       0.78 f
  multiplier_ins/fa_ins12/U1/ZN (HSR_CLKN_6)              0.02      0.02       0.80 r
  multiplier_ins/fa_ins12/co (net)              3                   0.00       0.80 r
  multiplier_ins/fa_ins12/co (full_adder_5)                         0.00       0.80 r
  multiplier_ins/co[1][2] (net)                                     0.00       0.80 r
  multiplier_ins/fa_ins13/ci (full_adder_4)                         0.00       0.80 r
  multiplier_ins/fa_ins13/ci (net)                                  0.00       0.80 r
  multiplier_ins/fa_ins13/ha_ins1/a (half_adder_7)                  0.00       0.80 r
  multiplier_ins/fa_ins13/ha_ins1/a (net)                           0.00       0.80 r
  multiplier_ins/fa_ins13/ha_ins1/U2/ZN (HSR_CLKN_4)      0.02      0.02       0.81 f
  multiplier_ins/fa_ins13/ha_ins1/n2 (net)      1                   0.00       0.81 f
  multiplier_ins/fa_ins13/ha_ins1/U1/ZN (HSR_CLKNAND2_4)     0.03     0.02     0.83 r
  multiplier_ins/fa_ins13/ha_ins1/n3 (net)      1                   0.00       0.83 r
  multiplier_ins/fa_ins13/ha_ins1/U3/ZN (HSR_CLKNAND2_4)     0.03     0.02     0.86 f
  multiplier_ins/fa_ins13/ha_ins1/s (net)       2                   0.00       0.86 f
  multiplier_ins/fa_ins13/ha_ins1/s (half_adder_7)                  0.00       0.86 f
  multiplier_ins/fa_ins13/s (net)                                   0.00       0.86 f
  multiplier_ins/fa_ins13/s (full_adder_4)                          0.00       0.86 f
  multiplier_ins/s[1][3] (net)                                      0.00       0.86 f
  multiplier_ins/fa_ins22/a (full_adder_2)                          0.00       0.86 f
  multiplier_ins/fa_ins22/a (net)                                   0.00       0.86 f
  multiplier_ins/fa_ins22/ha_ins0/a (half_adder_4)                  0.00       0.86 f
  multiplier_ins/fa_ins22/ha_ins0/a (net)                           0.00       0.86 f
  multiplier_ins/fa_ins22/ha_ins0/U2/ZN (HSR_INAND2_1)     0.04     0.04       0.89 r
  multiplier_ins/fa_ins22/ha_ins0/n3 (net)      1                   0.00       0.89 r
  multiplier_ins/fa_ins22/ha_ins0/U1/ZN (HSR_CLKNAND2_4)     0.03     0.03     0.92 f
  multiplier_ins/fa_ins22/ha_ins0/s (net)       2                   0.00       0.92 f
  multiplier_ins/fa_ins22/ha_ins0/s (half_adder_4)                  0.00       0.92 f
  multiplier_ins/fa_ins22/s0 (net)                                  0.00       0.92 f
  multiplier_ins/fa_ins22/ha_ins1/b (half_adder_3)                  0.00       0.92 f
  multiplier_ins/fa_ins22/ha_ins1/b (net)                           0.00       0.92 f
  multiplier_ins/fa_ins22/ha_ins1/U2/ZN (HSR_CLKNAND2_4)     0.02     0.02     0.94 r
  multiplier_ins/fa_ins22/ha_ins1/n2 (net)      1                   0.00       0.94 r
  multiplier_ins/fa_ins22/ha_ins1/U6/ZN (HSR_IN_4)        0.01      0.01       0.95 f
  multiplier_ins/fa_ins22/ha_ins1/co (net)      1                   0.00       0.95 f
  multiplier_ins/fa_ins22/ha_ins1/co (half_adder_3)                 0.00       0.95 f
  multiplier_ins/fa_ins22/co1 (net)                                 0.00       0.95 f
  multiplier_ins/fa_ins22/U2/ZN (HSR_NOR2_4)              0.04      0.03       0.98 r
  multiplier_ins/fa_ins22/n1 (net)              1                   0.00       0.98 r
  multiplier_ins/fa_ins22/U1/ZN (HSR_IN_4)                0.02      0.02       0.99 f
  multiplier_ins/fa_ins22/co (net)              3                   0.00       0.99 f
  multiplier_ins/fa_ins22/co (full_adder_2)                         0.00       0.99 f
  multiplier_ins/co[2][2] (net)                                     0.00       0.99 f
  multiplier_ins/fa_ins23/ci (full_adder_1)                         0.00       0.99 f
  multiplier_ins/fa_ins23/ci (net)                                  0.00       0.99 f
  multiplier_ins/fa_ins23/ha_ins1/a (half_adder_1)                  0.00       0.99 f
  multiplier_ins/fa_ins23/ha_ins1/a (net)                           0.00       0.99 f
  multiplier_ins/fa_ins23/ha_ins1/U7/ZN (HSR_CLKN_0)      0.02      0.02       1.01 r
  multiplier_ins/fa_ins23/ha_ins1/n2 (net)      1                   0.00       1.01 r
  multiplier_ins/fa_ins23/ha_ins1/U3/ZN (HSR_CLKNAND2_1)     0.02     0.02     1.03 f
  multiplier_ins/fa_ins23/ha_ins1/n3 (net)      1                   0.00       1.03 f
  multiplier_ins/fa_ins23/ha_ins1/U5/ZN (HSR_CLKNAND2_0)     0.02     0.02     1.05 r
  multiplier_ins/fa_ins23/ha_ins1/s (net)       1                   0.00       1.05 r
  multiplier_ins/fa_ins23/ha_ins1/s (half_adder_1)                  0.00       1.05 r
  multiplier_ins/fa_ins23/s (net)                                   0.00       1.05 r
  multiplier_ins/fa_ins23/s (full_adder_1)                          0.00       1.05 r
  multiplier_ins/z[6] (net)                                         0.00       1.05 r
  multiplier_ins/z[6] (multiplier)                                  0.00       1.05 r
  z[6] (net)                                                        0.00       1.05 r
  z[6] (out)                                              0.02      0.00       1.05 r
  data arrival time                                                            1.05

  clock clk (rise edge)                                             2.00       2.00
  clock network delay (ideal)                                       0.20       2.20
  clock uncertainty                                                -0.30       1.90
  output external delay                                            -1.00       0.90
  data required time                                                           0.90
  ---------------------------------------------------------------------------------------------------------
  data required time                                                           0.90
  data arrival time                                                           -1.05
  ---------------------------------------------------------------------------------------------------------
  slack (VIOLATED)                                                            -0.15


1
