Information: Updating design information... (UID-85)
Information: Input delay ('rise') on clock port 'Int_clk' will be added to the clock's propagated skew. (TIM-112)
Information: Input delay ('fall') on clock port 'Int_clk' will be added to the clock's propagated skew. (TIM-112)
 
****************************************
Report : timing
        -path full
        -delay max
        -nworst 2
        -input_pins
        -nets
        -max_paths 2
        -transition_time
        -capacitance
Design : mmForMLP
Version: O-2018.06-SP5-3
Date   : Sun May 26 22:31:15 2024
****************************************

 * Some/all delay information is back-annotated.

Operating Conditions: 125CSS1P08   Library: M31GPSC900HL055PR_125CSS1P08_cworst_ccs
	Parasitic source    : LPE
	Parasitic mode      : RealRVirtualC
	Extraction mode     : MIN_MAX
	Extraction derating : -40/25/125

Information: Percent of Arnoldi-based delays =  1.08%

Information: Percent of CCS-based delays =  1.03%

  Startpoint: init_valid (input port clocked by Int_clk)
  Endpoint: fsm_stateReg_reg[0]
            (rising edge-triggered flip-flop clocked by Int_clk)
  Path Group: INPUTS
  Path Type: max

  Point                                       Fanout       Cap     Trans      Incr       Path
  ----------------------------------------------------------------------------------------------
  clock Int_clk (rise edge)                                                   0.00       0.00
  clock network delay (ideal)                                                 0.45       0.45
  input external delay                                                        0.90       1.35 r
  init_valid (in)                                                   0.00      0.00       1.35 r
  init_valid (net)                              1         0.05                0.00       1.35 r
  U1727/I2 (NAND2X05AR9)                                            0.00      0.00       1.35 r
  U1727/O (NAND2X05AR9)                                             0.48      0.15       1.50 f
  n2493 (net)                                   3         0.01                0.00       1.50 f
  U2664/B2 (AOI22X1AR9)                                             0.48      0.00       1.50 f
  U2664/O (AOI22X1AR9)                                              0.31      0.33       1.83 r
  n2372 (net)                                   1         0.01                0.00       1.83 r
  U1085/I1 (NAND3X05AR9)                                            0.31      0.00       1.83 r
  U1085/O (NAND3X05AR9)                                             0.28      0.25       2.08 f
  fsm_stateNext[0] (net)                        1         0.00                0.00       2.08 f
  fsm_stateReg_reg[0]/D (DFFRBQX4K1AR9)                             0.28      0.00       2.08 f
  data arrival time                                                                      2.08

  clock Int_clk (rise edge)                                                   3.00       3.00
  clock network delay (propagated)                                            0.44       3.44
  clock uncertainty                                                          -0.30       3.14
  fsm_stateReg_reg[0]/CK (DFFRBQX4K1AR9)                                      0.00       3.14 r
  library setup time                                                         -0.11       3.04
  data required time                                                                     3.04
  ----------------------------------------------------------------------------------------------
  data required time                                                                     3.04
  data arrival time                                                                     -2.08
  ----------------------------------------------------------------------------------------------
  slack (MET)                                                                            0.96


  Startpoint: init_valid (input port clocked by Int_clk)
  Endpoint: fsm_stateReg_reg[0]
            (rising edge-triggered flip-flop clocked by Int_clk)
  Path Group: INPUTS
  Path Type: max

  Point                                       Fanout       Cap     Trans      Incr       Path
  ----------------------------------------------------------------------------------------------
  clock Int_clk (rise edge)                                                   0.00       0.00
  clock network delay (ideal)                                                 0.45       0.45
  input external delay                                                        0.90       1.35 r
  init_valid (in)                                                   0.00      0.00       1.35 r
  init_valid (net)                              1         0.05                0.00       1.35 r
  U1727/I2 (NAND2X05AR9)                                            0.00      0.00       1.35 r
  U1727/O (NAND2X05AR9)                                             0.48      0.15       1.50 f
  n2493 (net)                                   3         0.01                0.00       1.50 f
  U2664/B2 (AOI22X1AR9)                                             0.48      0.00       1.50 f
  U2664/O (AOI22X1AR9)                                              0.31      0.32       1.82 r
  n2372 (net)                                   1         0.01                0.00       1.82 r
  U1085/I1 (NAND3X05AR9)                                            0.31      0.00       1.82 r
  U1085/O (NAND3X05AR9)                                             0.28      0.25       2.07 f
  fsm_stateNext[0] (net)                        1         0.00                0.00       2.07 f
  fsm_stateReg_reg[0]/D (DFFRBQX4K1AR9)                             0.28      0.00       2.07 f
  data arrival time                                                                      2.07

  clock Int_clk (rise edge)                                                   3.00       3.00
  clock network delay (propagated)                                            0.44       3.44
  clock uncertainty                                                          -0.30       3.14
  fsm_stateReg_reg[0]/CK (DFFRBQX4K1AR9)                                      0.00       3.14 r
  library setup time                                                         -0.11       3.04
  data required time                                                                     3.04
  ----------------------------------------------------------------------------------------------
  data required time                                                                     3.04
  data arrival time                                                                     -2.07
  ----------------------------------------------------------------------------------------------
  slack (MET)                                                                            0.97


  Startpoint: memForAorB_0/ram1rw_4/ram
              (rising edge-triggered flip-flop clocked by Int_clk)
  Endpoint: partialSum_reg[31]
            (rising edge-triggered flip-flop clocked by Int_clk)
  Path Group: MEM2REG
  Path Type: max

  Point                                       Fanout       Cap     Trans      Incr       Path
  ----------------------------------------------------------------------------------------------
  clock Int_clk (rise edge)                                                   0.00       0.00
  clock network delay (propagated)                                            0.46       0.46
  memForAorB_0/ram1rw_4/ram/CLK (mem55lpw256d16sp)                  0.05      0.00       0.46 r
  memForAorB_0/ram1rw_4/ram/Q[7] (mem55lpw256d16sp)                 0.35      1.42       1.88 f
  memForAorB_0_Q[7] (net)                       2         0.08                0.00       1.88 f
  U1243/I1 (NAND2X2IAR9)                                            0.35      0.00       1.88 f
  U1243/O (NAND2X2IAR9)                                             0.12      0.11       1.99 r
  n1374 (net)                                   1         0.01                0.00       1.99 r
  U1724/I1 (NAND2X6AR9)                                             0.12      0.00       1.99 r
  U1724/O (NAND2X6AR9)                                              0.37      0.25       2.24 f
  n1534 (net)                                  22         0.14                0.00       2.24 f
  U261/I (CLKINVX1AR9)                                              0.37      0.00       2.24 f
  U261/O (CLKINVX1AR9)                                              1.77      1.18       3.43 r
  net16406 (net)                               20         0.14                0.00       3.43 r
  U3611/I1 (NAND2X3AR9)                                             1.77      0.00       3.43 r
  U3611/O (NAND2X3AR9)                                              0.34      0.23       3.65 f
  n3852 (net)                                   1         0.01                0.00       3.65 f
  U553/I2 (CLKNAND2X8AR9)                                           0.34      0.00       3.65 f
  U553/O (CLKNAND2X8AR9)                                            0.38      0.33       3.99 r
  n1518 (net)                                  23         0.14                0.00       3.99 r
  U3412/I2 (CLKNAND2X8AR9)                                          0.38      0.00       3.99 r
  U3412/O (CLKNAND2X8AR9)                                           0.19      0.21       4.19 f
  n3671 (net)                                  17         0.08                0.00       4.19 f
  U575/I (CLKINVX1AR9)                                              0.19      0.00       4.19 f
  U575/O (CLKINVX1AR9)                                              0.77      0.52       4.71 r
  net16528 (net)                                6         0.06                0.00       4.71 r
  U1366/I1 (NAND2X6AR9)                                             0.77      0.00       4.71 r
  U1366/O (NAND2X6AR9)                                              0.21      0.18       4.89 f
  n4741 (net)                                   2         0.02                0.00       4.89 f
  U924/I2 (NAND2X6AR9)                                              0.21      0.00       4.89 f
  U924/O (NAND2X6AR9)                                               0.09      0.10       4.99 r
  n4138 (net)                                   4         0.02                0.00       4.99 r
  U2351/I1 (CLKNAND2X2AR9)                                          0.09      0.00       4.99 r
  U2351/O (CLKNAND2X2AR9)                                           0.06      0.07       5.05 f
  n1304 (net)                                   1         0.01                0.00       5.05 f
  U2393/I2 (NAND2X4AR9)                                             0.06      0.00       5.05 f
  U2393/O (NAND2X4AR9)                                              0.06      0.06       5.12 r
  n1825 (net)                                   3         0.01                0.00       5.12 r
  U429/I (CLKINVX1AR9)                                              0.06      0.00       5.12 r
  U429/O (CLKINVX1AR9)                                              0.07      0.07       5.18 f
  net16478 (net)                                1         0.01                0.00       5.18 f
  U4168/I2 (CLKNAND2X6AR9)                                          0.07      0.00       5.18 f
  U4168/O (CLKNAND2X6AR9)                                           0.04      0.05       5.24 r
  n4498 (net)                                   1         0.00                0.00       5.24 r
  U1636/I2 (CLKNAND2X3AR9)                                          0.04      0.00       5.24 r
  U1636/O (CLKNAND2X3AR9)                                           0.06      0.06       5.29 f
  n428 (net)                                    2         0.01                0.00       5.29 f
  U680/I (CLKINVX4AR9)                                              0.06      0.00       5.29 f
  U680/O (CLKINVX4AR9)                                              0.04      0.04       5.34 r
  n288 (net)                                    1         0.01                0.00       5.34 r
  U911/I2 (NAND2X6AR9)                                              0.04      0.00       5.34 r
  U911/O (NAND2X6AR9)                                               0.05      0.05       5.38 f
  n290 (net)                                    2         0.01                0.00       5.38 f
  U1867/I1 (NAND2X2AR9)                                             0.05      0.00       5.38 f
  U1867/O (NAND2X2AR9)                                              0.07      0.06       5.44 r
  n4314 (net)                                   1         0.01                0.00       5.44 r
  U946/I2 (NAND2X4AR9)                                              0.07      0.00       5.44 r
  U946/O (NAND2X4AR9)                                               0.05      0.06       5.50 f
  n720 (net)                                    1         0.01                0.00       5.50 f
  U2470/I2 (CLKNAND2X8AR9)                                          0.05      0.00       5.50 f
  U2470/O (CLKNAND2X8AR9)                                           0.10      0.08       5.58 r
  n3481 (net)                                   4         0.03                0.00       5.58 r
  U463/I (CLKINVX1AR9)                                              0.10      0.00       5.58 r
  U463/O (CLKINVX1AR9)                                              0.07      0.08       5.66 f
  net16492 (net)                                2         0.01                0.00       5.66 f
  U1992/I1 (NAND2X2AR9)                                             0.07      0.00       5.66 f
  U1992/O (NAND2X2AR9)                                              0.05      0.04       5.70 r
  n4244 (net)                                   1         0.00                0.00       5.70 r
  U890/I2 (NAND2X2AR9)                                              0.05      0.00       5.70 r
  U890/O (NAND2X2AR9)                                               0.06      0.06       5.76 f
  n1 (net)                                      2         0.01                0.00       5.76 f
  U889/I1 (CLKNAND2X2AR9)                                           0.06      0.00       5.76 f
  U889/O (CLKNAND2X2AR9)                                            0.06      0.06       5.82 r
  n4024 (net)                                   1         0.00                0.00       5.82 r
  U1411/I2 (NAND2X2AR9)                                             0.06      0.00       5.82 r
  U1411/O (NAND2X2AR9)                                              0.07      0.07       5.89 f
  n2149 (net)                                   2         0.01                0.00       5.89 f
  U373/I1 (NAND2X4AR9)                                              0.07      0.00       5.89 f
  U373/O (NAND2X4AR9)                                               0.07      0.06       5.95 r
  n2374 (net)                                   1         0.01                0.00       5.95 r
  U2057/I (INVX4AR9)                                                0.07      0.00       5.95 r
  U2057/O (INVX4AR9)                                                0.03      0.04       5.99 f
  n4154 (net)                                   1         0.01                0.00       5.99 f
  U3913/I1 (NAND2X6AR9)                                             0.03      0.00       5.99 f
  U3913/O (NAND2X6AR9)                                              0.04      0.03       6.02 r
  n4155 (net)                                   1         0.01                0.00       6.02 r
  U3716/I1 (CLKNAND2X8AR9)                                          0.04      0.00       6.02 r
  U3716/O (CLKNAND2X8AR9)                                           0.07      0.05       6.07 f
  n1944 (net)                                   4         0.02                0.00       6.07 f
  U550/I (CLKINVX1AR9)                                              0.07      0.00       6.07 f
  U550/O (CLKINVX1AR9)                                              0.22      0.16       6.23 r
  net16518 (net)                                4         0.02                0.00       6.23 r
  U3649/I1 (NOR2X4OAR9)                                             0.22      0.00       6.23 r
  U3649/O (NOR2X4OAR9)                                              0.06      0.06       6.29 f
  n3099 (net)                                   1         0.01                0.00       6.29 f
  U699/I (INVX4AR9)                                                 0.06      0.00       6.29 f
  U699/O (INVX4AR9)                                                 0.05      0.05       6.33 r
  n3720 (net)                                   1         0.01                0.00       6.33 r
  U3469/I1 (NAND2X8OAR9)                                            0.05      0.00       6.33 r
  U3469/O (NAND2X8OAR9)                                             0.05      0.05       6.38 f
  n3718 (net)                                   2         0.02                0.00       6.38 f
  U994/I (CLKINVX1AR9)                                              0.05      0.00       6.38 f
  U994/O (CLKINVX1AR9)                                              0.57      0.34       6.72 r
  net16650 (net)                                8         0.04                0.00       6.72 r
  U360/B1 (OAI12X2IAR9)                                             0.57      0.00       6.72 r
  U360/O (OAI12X2IAR9)                                              0.17      0.16       6.88 f
  n2042 (net)                                   2         0.01                0.00       6.88 f
  U2882/I2 (NOR2X2AR9)                                              0.17      0.00       6.88 f
  U2882/O (NOR2X2AR9)                                               0.10      0.11       6.99 r
  n1218 (net)                                   1         0.00                0.00       6.99 r
  U1942/I1 (CLKNAND2X3AR9)                                          0.10      0.00       6.99 r
  U1942/O (CLKNAND2X3AR9)                                           0.05      0.05       7.04 f
  n710 (net)                                    1         0.00                0.00       7.04 f
  U1834/I2 (CLKNAND2X4AR9)                                          0.05      0.00       7.04 f
  U1834/O (CLKNAND2X4AR9)                                           0.05      0.05       7.09 r
  n1222 (net)                                   1         0.00                0.00       7.09 r
  U2368/B1 (OAI12X4IAR9)                                            0.05      0.00       7.09 r
  U2368/O (OAI12X4IAR9)                                             0.47      0.04       7.13 f
  n173 (net)                                    1         0.00                0.00       7.13 f
  partialSum_reg[31]/D (DFFRBQX8J1AR9)                              0.47      0.00       7.13 f
  data arrival time                                                                      7.13

  clock Int_clk (rise edge)                                                   3.00       3.00
  clock network delay (propagated)                                            0.44       3.44
  clock uncertainty                                                          -0.30       3.14
  partialSum_reg[31]/CK (DFFRBQX8J1AR9)                                       0.00       3.14 r
  library setup time                                                         -0.06       3.09
  data required time                                                                     3.09
  ----------------------------------------------------------------------------------------------
  data required time                                                                     3.09
  data arrival time                                                                     -7.13
  ----------------------------------------------------------------------------------------------
  slack (VIOLATED)                                                                      -4.04


  Startpoint: memForAorB_0/ram1rw_4/ram
              (rising edge-triggered flip-flop clocked by Int_clk)
  Endpoint: partialSum_reg[31]
            (rising edge-triggered flip-flop clocked by Int_clk)
  Path Group: MEM2REG
  Path Type: max

  Point                                       Fanout       Cap     Trans      Incr       Path
  ----------------------------------------------------------------------------------------------
  clock Int_clk (rise edge)                                                   0.00       0.00
  clock network delay (propagated)                                            0.46       0.46
  memForAorB_0/ram1rw_4/ram/CLK (mem55lpw256d16sp)                  0.05      0.00       0.46 r
  memForAorB_0/ram1rw_4/ram/Q[7] (mem55lpw256d16sp)                 0.35      1.42       1.88 f
  memForAorB_0_Q[7] (net)                       2         0.08                0.00       1.88 f
  U1243/I1 (NAND2X2IAR9)                                            0.35      0.00       1.88 f
  U1243/O (NAND2X2IAR9)                                             0.12      0.11       1.99 r
  n1374 (net)                                   1         0.01                0.00       1.99 r
  U1724/I1 (NAND2X6AR9)                                             0.12      0.00       1.99 r
  U1724/O (NAND2X6AR9)                                              0.37      0.25       2.24 f
  n1534 (net)                                  22         0.14                0.00       2.24 f
  U261/I (CLKINVX1AR9)                                              0.37      0.00       2.24 f
  U261/O (CLKINVX1AR9)                                              1.77      1.18       3.43 r
  net16406 (net)                               20         0.14                0.00       3.43 r
  U3611/I1 (NAND2X3AR9)                                             1.77      0.00       3.43 r
  U3611/O (NAND2X3AR9)                                              0.34      0.23       3.65 f
  n3852 (net)                                   1         0.01                0.00       3.65 f
  U553/I2 (CLKNAND2X8AR9)                                           0.34      0.00       3.65 f
  U553/O (CLKNAND2X8AR9)                                            0.38      0.33       3.99 r
  n1518 (net)                                  23         0.14                0.00       3.99 r
  U3412/I2 (CLKNAND2X8AR9)                                          0.38      0.00       3.99 r
  U3412/O (CLKNAND2X8AR9)                                           0.19      0.21       4.19 f
  n3671 (net)                                  17         0.08                0.00       4.19 f
  U575/I (CLKINVX1AR9)                                              0.19      0.00       4.19 f
  U575/O (CLKINVX1AR9)                                              0.77      0.52       4.71 r
  net16528 (net)                                6         0.06                0.00       4.71 r
  U1366/I1 (NAND2X6AR9)                                             0.77      0.00       4.71 r
  U1366/O (NAND2X6AR9)                                              0.21      0.18       4.89 f
  n4741 (net)                                   2         0.02                0.00       4.89 f
  U924/I2 (NAND2X6AR9)                                              0.21      0.00       4.89 f
  U924/O (NAND2X6AR9)                                               0.09      0.10       4.99 r
  n4138 (net)                                   4         0.02                0.00       4.99 r
  U451/B1 (OAI12X2IAR9)                                             0.09      0.00       4.99 r
  U451/O (OAI12X2IAR9)                                              0.07      0.07       5.06 f
  n1303 (net)                                   1         0.01                0.00       5.06 f
  U2393/I1 (NAND2X4AR9)                                             0.07      0.00       5.06 f
  U2393/O (NAND2X4AR9)                                              0.06      0.06       5.12 r
  n1825 (net)                                   3         0.01                0.00       5.12 r
  U429/I (CLKINVX1AR9)                                              0.06      0.00       5.12 r
  U429/O (CLKINVX1AR9)                                              0.07      0.07       5.18 f
  net16478 (net)                                1         0.01                0.00       5.18 f
  U4168/I2 (CLKNAND2X6AR9)                                          0.07      0.00       5.18 f
  U4168/O (CLKNAND2X6AR9)                                           0.04      0.05       5.24 r
  n4498 (net)                                   1         0.00                0.00       5.24 r
  U1636/I2 (CLKNAND2X3AR9)                                          0.04      0.00       5.24 r
  U1636/O (CLKNAND2X3AR9)                                           0.06      0.06       5.29 f
  n428 (net)                                    2         0.01                0.00       5.29 f
  U680/I (CLKINVX4AR9)                                              0.06      0.00       5.29 f
  U680/O (CLKINVX4AR9)                                              0.04      0.04       5.34 r
  n288 (net)                                    1         0.01                0.00       5.34 r
  U911/I2 (NAND2X6AR9)                                              0.04      0.00       5.34 r
  U911/O (NAND2X6AR9)                                               0.05      0.05       5.38 f
  n290 (net)                                    2         0.01                0.00       5.38 f
  U1867/I1 (NAND2X2AR9)                                             0.05      0.00       5.38 f
  U1867/O (NAND2X2AR9)                                              0.07      0.06       5.44 r
  n4314 (net)                                   1         0.01                0.00       5.44 r
  U946/I2 (NAND2X4AR9)                                              0.07      0.00       5.44 r
  U946/O (NAND2X4AR9)                                               0.05      0.06       5.50 f
  n720 (net)                                    1         0.01                0.00       5.50 f
  U2470/I2 (CLKNAND2X8AR9)                                          0.05      0.00       5.50 f
  U2470/O (CLKNAND2X8AR9)                                           0.10      0.08       5.58 r
  n3481 (net)                                   4         0.03                0.00       5.58 r
  U463/I (CLKINVX1AR9)                                              0.10      0.00       5.58 r
  U463/O (CLKINVX1AR9)                                              0.07      0.08       5.66 f
  net16492 (net)                                2         0.01                0.00       5.66 f
  U1992/I1 (NAND2X2AR9)                                             0.07      0.00       5.66 f
  U1992/O (NAND2X2AR9)                                              0.05      0.04       5.70 r
  n4244 (net)                                   1         0.00                0.00       5.70 r
  U890/I2 (NAND2X2AR9)                                              0.05      0.00       5.70 r
  U890/O (NAND2X2AR9)                                               0.06      0.06       5.76 f
  n1 (net)                                      2         0.01                0.00       5.76 f
  U889/I1 (CLKNAND2X2AR9)                                           0.06      0.00       5.76 f
  U889/O (CLKNAND2X2AR9)                                            0.06      0.06       5.82 r
  n4024 (net)                                   1         0.00                0.00       5.82 r
  U1411/I2 (NAND2X2AR9)                                             0.06      0.00       5.82 r
  U1411/O (NAND2X2AR9)                                              0.07      0.07       5.89 f
  n2149 (net)                                   2         0.01                0.00       5.89 f
  U373/I1 (NAND2X4AR9)                                              0.07      0.00       5.89 f
  U373/O (NAND2X4AR9)                                               0.07      0.06       5.95 r
  n2374 (net)                                   1         0.01                0.00       5.95 r
  U2057/I (INVX4AR9)                                                0.07      0.00       5.95 r
  U2057/O (INVX4AR9)                                                0.03      0.04       5.99 f
  n4154 (net)                                   1         0.01                0.00       5.99 f
  U3913/I1 (NAND2X6AR9)                                             0.03      0.00       5.99 f
  U3913/O (NAND2X6AR9)                                              0.04      0.03       6.02 r
  n4155 (net)                                   1         0.01                0.00       6.02 r
  U3716/I1 (CLKNAND2X8AR9)                                          0.04      0.00       6.02 r
  U3716/O (CLKNAND2X8AR9)                                           0.07      0.05       6.07 f
  n1944 (net)                                   4         0.02                0.00       6.07 f
  U550/I (CLKINVX1AR9)                                              0.07      0.00       6.07 f
  U550/O (CLKINVX1AR9)                                              0.22      0.16       6.23 r
  net16518 (net)                                4         0.02                0.00       6.23 r
  U3649/I1 (NOR2X4OAR9)                                             0.22      0.00       6.23 r
  U3649/O (NOR2X4OAR9)                                              0.06      0.06       6.29 f
  n3099 (net)                                   1         0.01                0.00       6.29 f
  U699/I (INVX4AR9)                                                 0.06      0.00       6.29 f
  U699/O (INVX4AR9)                                                 0.05      0.05       6.33 r
  n3720 (net)                                   1         0.01                0.00       6.33 r
  U3469/I1 (NAND2X8OAR9)                                            0.05      0.00       6.33 r
  U3469/O (NAND2X8OAR9)                                             0.05      0.05       6.38 f
  n3718 (net)                                   2         0.02                0.00       6.38 f
  U994/I (CLKINVX1AR9)                                              0.05      0.00       6.38 f
  U994/O (CLKINVX1AR9)                                              0.57      0.34       6.72 r
  net16650 (net)                                8         0.04                0.00       6.72 r
  U360/B1 (OAI12X2IAR9)                                             0.57      0.00       6.72 r
  U360/O (OAI12X2IAR9)                                              0.17      0.16       6.88 f
  n2042 (net)                                   2         0.01                0.00       6.88 f
  U2882/I2 (NOR2X2AR9)                                              0.17      0.00       6.88 f
  U2882/O (NOR2X2AR9)                                               0.10      0.11       6.99 r
  n1218 (net)                                   1         0.00                0.00       6.99 r
  U1942/I1 (CLKNAND2X3AR9)                                          0.10      0.00       6.99 r
  U1942/O (CLKNAND2X3AR9)                                           0.05      0.05       7.04 f
  n710 (net)                                    1         0.00                0.00       7.04 f
  U1834/I2 (CLKNAND2X4AR9)                                          0.05      0.00       7.04 f
  U1834/O (CLKNAND2X4AR9)                                           0.05      0.05       7.09 r
  n1222 (net)                                   1         0.00                0.00       7.09 r
  U2368/B1 (OAI12X4IAR9)                                            0.05      0.00       7.09 r
  U2368/O (OAI12X4IAR9)                                             0.47      0.04       7.13 f
  n173 (net)                                    1         0.00                0.00       7.13 f
  partialSum_reg[31]/D (DFFRBQX8J1AR9)                              0.47      0.00       7.13 f
  data arrival time                                                                      7.13

  clock Int_clk (rise edge)                                                   3.00       3.00
  clock network delay (propagated)                                            0.44       3.44
  clock uncertainty                                                          -0.30       3.14
  partialSum_reg[31]/CK (DFFRBQX8J1AR9)                                       0.00       3.14 r
  library setup time                                                         -0.06       3.09
  data required time                                                                     3.09
  ----------------------------------------------------------------------------------------------
  data required time                                                                     3.09
  data arrival time                                                                     -7.13
  ----------------------------------------------------------------------------------------------
  slack (VIOLATED)                                                                      -4.04


  Startpoint: fsm_cntLayers_value_reg[0]
              (rising edge-triggered flip-flop clocked by Int_clk)
  Endpoint: load_ready (output port clocked by Int_clk)
  Path Group: OUTPUTS
  Path Type: max

  Point                                       Fanout       Cap     Trans      Incr       Path
  ----------------------------------------------------------------------------------------------
  clock Int_clk (rise edge)                                                   0.00       0.00
  clock network delay (propagated)                                            0.46       0.46
  fsm_cntLayers_value_reg[0]/CK (DFFRBQBX4K1AR9)                    0.05      0.00       0.46 r
  fsm_cntLayers_value_reg[0]/QB (DFFRBQBX4K1AR9)                    0.24      0.30       0.75 f
  n18 (net)                                    14         0.11                0.00       0.75 f
  U223/I (CLKINVX1AR9)                                              0.24      0.00       0.75 f
  U223/O (CLKINVX1AR9)                                              2.91      1.78       2.53 r
  net16396 (net)                               31         0.24                0.00       2.53 r
  U1759/I2 (NAND2X2AR9)                                             2.91      0.00       2.53 r
  U1759/O (NAND2X2AR9)                                              0.49      0.43       2.96 f
  n2129 (net)                                   1         0.01                0.00       2.96 f
  U2573/I2 (CLKNOR2X4AR9)                                           0.49      0.00       2.96 f
  U2573/O (CLKNOR2X4AR9)                                            0.11      0.11       3.07 r
  n2368 (net)                                   2         0.01                0.00       3.07 r
  U1046/I1 (CLKNAND2X6AR9)                                          0.11      0.00       3.07 r
  U1046/O (CLKNAND2X6AR9)                                           0.14      0.06       3.13 f
  n2369 (net)                                   2         0.01                0.00       3.13 f
  U2574/I (CLKINVX8AR9)                                             0.14      0.00       3.13 f
  U2574/O (CLKINVX8AR9)                                             0.07      0.08       3.21 r
  n2168 (net)                                   4         0.03                0.00       3.21 r
  U2575/I1 (NOR2X8IAR9)                                             0.07      0.00       3.21 r
  U2575/O (NOR2X8IAR9)                                              0.12      0.06       3.27 f
  n3294 (net)                                   1         0.05                0.00       3.27 f
  load_ready (out)                                                  0.12      0.00       3.27 f
  data arrival time                                                                      3.27

  clock Int_clk (rise edge)                                                   3.00       3.00
  clock network delay (ideal)                                                 0.45       3.45
  clock uncertainty                                                          -0.30       3.15
  output external delay                                                      -1.80       1.35
  data required time                                                                     1.35
  ----------------------------------------------------------------------------------------------
  data required time                                                                     1.35
  data arrival time                                                                     -3.27
  ----------------------------------------------------------------------------------------------
  slack (VIOLATED)                                                                      -1.91


  Startpoint: fsm_cntLayers_value_reg[0]
              (rising edge-triggered flip-flop clocked by Int_clk)
  Endpoint: load_ready (output port clocked by Int_clk)
  Path Group: OUTPUTS
  Path Type: max

  Point                                       Fanout       Cap     Trans      Incr       Path
  ----------------------------------------------------------------------------------------------
  clock Int_clk (rise edge)                                                   0.00       0.00
  clock network delay (propagated)                                            0.46       0.46
  fsm_cntLayers_value_reg[0]/CK (DFFRBQBX4K1AR9)                    0.05      0.00       0.46 r
  fsm_cntLayers_value_reg[0]/QB (DFFRBQBX4K1AR9)                    0.34      0.33       0.79 r
  n18 (net)                                    14         0.11                0.00       0.79 r
  U223/I (CLKINVX1AR9)                                              0.34      0.00       0.79 r
  U223/O (CLKINVX1AR9)                                              2.18      1.51       2.30 f
  net16396 (net)                               31         0.23                0.00       2.30 f
  U1759/I2 (NAND2X2AR9)                                             2.18      0.00       2.30 f
  U1759/O (NAND2X2AR9)                                              0.48      0.39       2.69 r
  n2129 (net)                                   1         0.01                0.00       2.69 r
  U2573/I2 (CLKNOR2X4AR9)                                           0.48      0.00       2.69 r
  U2573/O (CLKNOR2X4AR9)                                            0.13      0.15       2.84 f
  n2368 (net)                                   2         0.01                0.00       2.84 f
  U1046/I1 (CLKNAND2X6AR9)                                          0.13      0.00       2.84 f
  U1046/O (CLKNAND2X6AR9)                                           0.15      0.08       2.92 r
  n2369 (net)                                   2         0.01                0.00       2.92 r
  U2574/I (CLKINVX8AR9)                                             0.15      0.00       2.92 r
  U2574/O (CLKINVX8AR9)                                             0.06      0.07       2.99 f
  n2168 (net)                                   4         0.03                0.00       2.99 f
  U2575/I1 (NOR2X8IAR9)                                             0.06      0.00       2.99 f
  U2575/O (NOR2X8IAR9)                                              0.18      0.12       3.12 r
  n3294 (net)                                   1         0.05                0.00       3.12 r
  load_ready (out)                                                  0.18      0.00       3.12 r
  data arrival time                                                                      3.12

  clock Int_clk (rise edge)                                                   3.00       3.00
  clock network delay (ideal)                                                 0.45       3.45
  clock uncertainty                                                          -0.30       3.15
  output external delay                                                      -1.80       1.35
  data required time                                                                     1.35
  ----------------------------------------------------------------------------------------------
  data required time                                                                     1.35
  data arrival time                                                                     -3.12
  ----------------------------------------------------------------------------------------------
  slack (VIOLATED)                                                                      -1.76


  Startpoint: fsm_cntLayers_value_reg[0]
              (rising edge-triggered flip-flop clocked by Int_clk)
  Endpoint: memForAorB_1/ram1rw_4/ram
            (rising edge-triggered flip-flop clocked by Int_clk)
  Path Group: REG2MEM
  Path Type: max

  Point                                       Fanout       Cap     Trans      Incr       Path
  ----------------------------------------------------------------------------------------------
  clock Int_clk (rise edge)                                                   0.00       0.00
  clock network delay (propagated)                                            0.46       0.46
  fsm_cntLayers_value_reg[0]/CK (DFFRBQBX4K1AR9)                    0.05      0.00       0.46 r
  fsm_cntLayers_value_reg[0]/QB (DFFRBQBX4K1AR9)                    0.24      0.30       0.75 f
  n18 (net)                                    14         0.11                0.00       0.75 f
  U223/I (CLKINVX1AR9)                                              0.24      0.00       0.75 f
  U223/O (CLKINVX1AR9)                                              2.91      1.78       2.53 r
  net16396 (net)                               31         0.24                0.00       2.53 r
  U1695/I2 (CLKNOR2X2AR9)                                           2.91      0.00       2.53 r
  U1695/O (CLKNOR2X2AR9)                                            0.85      1.01       3.54 f
  n2527 (net)                                   2         0.04                0.00       3.54 f
  U1042/I (CLKINVX4AR9)                                             0.85      0.00       3.54 f
  U1042/O (CLKINVX4AR9)                                             0.29      0.27       3.81 r
  n2410 (net)                                   8         0.03                0.00       3.81 r
  U2604/I1 (NAND2X2AR9)                                             0.29      0.00       3.81 r
  U2604/O (NAND2X2AR9)                                              0.28      0.25       4.06 f
  memForAorB_1_ME (net)                         2         0.03                0.00       4.06 f
  memForAorB_1/ram1rw_4/ram/ME (mem55lpw256d16sp)                   0.28      0.00       4.06 f
  data arrival time                                                                      4.06

  clock Int_clk (rise edge)                                                   3.00       3.00
  clock network delay (propagated)                                            0.45       3.45
  clock uncertainty                                                          -0.30       3.15
  memForAorB_1/ram1rw_4/ram/CLK (mem55lpw256d16sp)                            0.00       3.15 r
  library setup time                                                         -1.50       1.64
  data required time                                                                     1.64
  ----------------------------------------------------------------------------------------------
  data required time                                                                     1.64
  data arrival time                                                                     -4.06
  ----------------------------------------------------------------------------------------------
  slack (VIOLATED)                                                                      -2.42


  Startpoint: fsm_cntLayers_value_reg[2]
              (rising edge-triggered flip-flop clocked by Int_clk)
  Endpoint: memForWeight_1/ram1rw_4/ram
            (rising edge-triggered flip-flop clocked by Int_clk)
  Path Group: REG2MEM
  Path Type: max

  Point                                       Fanout       Cap     Trans      Incr       Path
  ----------------------------------------------------------------------------------------------
  clock Int_clk (rise edge)                                                   0.00       0.00
  clock network delay (propagated)                                            0.46       0.46
  fsm_cntLayers_value_reg[2]/CK (DFFRBQX4K1AR9)                     0.04      0.00       0.46 r
  fsm_cntLayers_value_reg[2]/Q (DFFRBQX4K1AR9)                      0.46      0.43       0.89 f
  temp_fsm_adrForWeight_1[10] (net)            29         0.23                0.00       0.89 f
  U1049/I (CLKINVX1AR9)                                             0.46      0.00       0.89 f
  U1049/O (CLKINVX1AR9)                                             2.82      1.88       2.77 r
  net16668 (net)                               29         0.23                0.00       2.77 r
  U2322/I2 (CLKNOR2X3AR9)                                           2.82      0.00       2.77 r
  U2322/O (CLKNOR2X3AR9)                                            0.70      0.72       3.49 f
  n2530 (net)                                   3         0.03                0.00       3.49 f
  U1669/I (INVX6AR9)                                                0.70      0.00       3.49 f
  U1669/O (INVX6AR9)                                                0.16      0.13       3.62 r
  n2412 (net)                                   5         0.01                0.00       3.62 r
  U2584/I1 (NAND2X1AR9)                                             0.16      0.00       3.62 r
  U2584/O (NAND2X1AR9)                                              0.24      0.20       3.81 f
  memForWeight_1_ME (net)                       3         0.01                0.00       3.81 f
  memForWeight_1/ram1rw_4/ram/ME (mem55lpw1024d16sp)                0.24      0.00       3.81 f
  data arrival time                                                                      3.81

  clock Int_clk (rise edge)                                                   3.00       3.00
  clock network delay (propagated)                                            0.44       3.44
  clock uncertainty                                                          -0.30       3.14
  memForWeight_1/ram1rw_4/ram/CLK (mem55lpw1024d16sp)                         0.00       3.14 r
  library setup time                                                         -1.55       1.59
  data required time                                                                     1.59
  ----------------------------------------------------------------------------------------------
  data required time                                                                     1.59
  data arrival time                                                                     -3.81
  ----------------------------------------------------------------------------------------------
  slack (VIOLATED)                                                                      -2.22


  Startpoint: fsm_cntLayers_value_reg[0]
              (rising edge-triggered flip-flop clocked by Int_clk)
  Endpoint: partialSum_reg[31]
            (rising edge-triggered flip-flop clocked by Int_clk)
  Path Group: REG2REG
  Path Type: max

  Point                                       Fanout       Cap     Trans      Incr       Path
  ----------------------------------------------------------------------------------------------
  clock Int_clk (rise edge)                                                   0.00       0.00
  clock network delay (propagated)                                            0.46       0.46
  fsm_cntLayers_value_reg[0]/CK (DFFRBQBX4K1AR9)                    0.05      0.00       0.46 r
  fsm_cntLayers_value_reg[0]/QB (DFFRBQBX4K1AR9)                    0.34      0.33       0.79 r
  n18 (net)                                    14         0.11                0.00       0.79 r
  U223/I (CLKINVX1AR9)                                              0.34      0.00       0.79 r
  U223/O (CLKINVX1AR9)                                              2.18      1.51       2.30 f
  net16396 (net)                               31         0.23                0.00       2.30 f
  U1253/I2 (NAND2X4IAR9)                                            2.18      0.00       2.30 f
  U1253/O (NAND2X4IAR9)                                             0.41      0.33       2.63 r
  n1373 (net)                                   1         0.01                0.00       2.63 r
  U1724/I2 (NAND2X6AR9)                                             0.41      0.00       2.63 r
  U1724/O (NAND2X6AR9)                                              0.37      0.34       2.97 f
  n1534 (net)                                  22         0.14                0.00       2.97 f
  U261/I (CLKINVX1AR9)                                              0.37      0.00       2.97 f
  U261/O (CLKINVX1AR9)                                              1.77      1.18       4.15 r
  net16406 (net)                               20         0.14                0.00       4.15 r
  U3611/I1 (NAND2X3AR9)                                             1.77      0.00       4.15 r
  U3611/O (NAND2X3AR9)                                              0.34      0.23       4.38 f
  n3852 (net)                                   1         0.01                0.00       4.38 f
  U553/I2 (CLKNAND2X8AR9)                                           0.34      0.00       4.38 f
  U553/O (CLKNAND2X8AR9)                                            0.38      0.33       4.71 r
  n1518 (net)                                  23         0.14                0.00       4.71 r
  U3412/I2 (CLKNAND2X8AR9)                                          0.38      0.00       4.71 r
  U3412/O (CLKNAND2X8AR9)                                           0.19      0.21       4.91 f
  n3671 (net)                                  17         0.08                0.00       4.91 f
  U575/I (CLKINVX1AR9)                                              0.19      0.00       4.91 f
  U575/O (CLKINVX1AR9)                                              0.77      0.52       5.43 r
  net16528 (net)                                6         0.06                0.00       5.43 r
  U1366/I1 (NAND2X6AR9)                                             0.77      0.00       5.43 r
  U1366/O (NAND2X6AR9)                                              0.21      0.18       5.61 f
  n4741 (net)                                   2         0.02                0.00       5.61 f
  U924/I2 (NAND2X6AR9)                                              0.21      0.00       5.61 f
  U924/O (NAND2X6AR9)                                               0.09      0.10       5.71 r
  n4138 (net)                                   4         0.02                0.00       5.71 r
  U2351/I1 (CLKNAND2X2AR9)                                          0.09      0.00       5.71 r
  U2351/O (CLKNAND2X2AR9)                                           0.06      0.07       5.78 f
  n1304 (net)                                   1         0.01                0.00       5.78 f
  U2393/I2 (NAND2X4AR9)                                             0.06      0.00       5.78 f
  U2393/O (NAND2X4AR9)                                              0.06      0.06       5.84 r
  n1825 (net)                                   3         0.01                0.00       5.84 r
  U429/I (CLKINVX1AR9)                                              0.06      0.00       5.84 r
  U429/O (CLKINVX1AR9)                                              0.07      0.07       5.91 f
  net16478 (net)                                1         0.01                0.00       5.91 f
  U4168/I2 (CLKNAND2X6AR9)                                          0.07      0.00       5.91 f
  U4168/O (CLKNAND2X6AR9)                                           0.04      0.05       5.96 r
  n4498 (net)                                   1         0.00                0.00       5.96 r
  U1636/I2 (CLKNAND2X3AR9)                                          0.04      0.00       5.96 r
  U1636/O (CLKNAND2X3AR9)                                           0.06      0.06       6.01 f
  n428 (net)                                    2         0.01                0.00       6.01 f
  U680/I (CLKINVX4AR9)                                              0.06      0.00       6.01 f
  U680/O (CLKINVX4AR9)                                              0.04      0.04       6.06 r
  n288 (net)                                    1         0.01                0.00       6.06 r
  U911/I2 (NAND2X6AR9)                                              0.04      0.00       6.06 r
  U911/O (NAND2X6AR9)                                               0.05      0.05       6.11 f
  n290 (net)                                    2         0.01                0.00       6.11 f
  U1867/I1 (NAND2X2AR9)                                             0.05      0.00       6.11 f
  U1867/O (NAND2X2AR9)                                              0.07      0.06       6.16 r
  n4314 (net)                                   1         0.01                0.00       6.16 r
  U946/I2 (NAND2X4AR9)                                              0.07      0.00       6.16 r
  U946/O (NAND2X4AR9)                                               0.05      0.06       6.22 f
  n720 (net)                                    1         0.01                0.00       6.22 f
  U2470/I2 (CLKNAND2X8AR9)                                          0.05      0.00       6.22 f
  U2470/O (CLKNAND2X8AR9)                                           0.10      0.08       6.31 r
  n3481 (net)                                   4         0.03                0.00       6.31 r
  U463/I (CLKINVX1AR9)                                              0.10      0.00       6.31 r
  U463/O (CLKINVX1AR9)                                              0.07      0.08       6.38 f
  net16492 (net)                                2         0.01                0.00       6.38 f
  U1992/I1 (NAND2X2AR9)                                             0.07      0.00       6.38 f
  U1992/O (NAND2X2AR9)                                              0.05      0.04       6.43 r
  n4244 (net)                                   1         0.00                0.00       6.43 r
  U890/I2 (NAND2X2AR9)                                              0.05      0.00       6.43 r
  U890/O (NAND2X2AR9)                                               0.06      0.06       6.49 f
  n1 (net)                                      2         0.01                0.00       6.49 f
  U889/I1 (CLKNAND2X2AR9)                                           0.06      0.00       6.49 f
  U889/O (CLKNAND2X2AR9)                                            0.06      0.06       6.54 r
  n4024 (net)                                   1         0.00                0.00       6.54 r
  U1411/I2 (NAND2X2AR9)                                             0.06      0.00       6.54 r
  U1411/O (NAND2X2AR9)                                              0.07      0.07       6.61 f
  n2149 (net)                                   2         0.01                0.00       6.61 f
  U373/I1 (NAND2X4AR9)                                              0.07      0.00       6.61 f
  U373/O (NAND2X4AR9)                                               0.07      0.06       6.67 r
  n2374 (net)                                   1         0.01                0.00       6.67 r
  U2057/I (INVX4AR9)                                                0.07      0.00       6.67 r
  U2057/O (INVX4AR9)                                                0.03      0.04       6.71 f
  n4154 (net)                                   1         0.01                0.00       6.71 f
  U3913/I1 (NAND2X6AR9)                                             0.03      0.00       6.71 f
  U3913/O (NAND2X6AR9)                                              0.04      0.03       6.74 r
  n4155 (net)                                   1         0.01                0.00       6.74 r
  U3716/I1 (CLKNAND2X8AR9)                                          0.04      0.00       6.74 r
  U3716/O (CLKNAND2X8AR9)                                           0.07      0.05       6.79 f
  n1944 (net)                                   4         0.02                0.00       6.79 f
  U550/I (CLKINVX1AR9)                                              0.07      0.00       6.79 f
  U550/O (CLKINVX1AR9)                                              0.22      0.16       6.95 r
  net16518 (net)                                4         0.02                0.00       6.95 r
  U3649/I1 (NOR2X4OAR9)                                             0.22      0.00       6.95 r
  U3649/O (NOR2X4OAR9)                                              0.06      0.06       7.01 f
  n3099 (net)                                   1         0.01                0.00       7.01 f
  U699/I (INVX4AR9)                                                 0.06      0.00       7.01 f
  U699/O (INVX4AR9)                                                 0.05      0.05       7.06 r
  n3720 (net)                                   1         0.01                0.00       7.06 r
  U3469/I1 (NAND2X8OAR9)                                            0.05      0.00       7.06 r
  U3469/O (NAND2X8OAR9)                                             0.05      0.05       7.10 f
  n3718 (net)                                   2         0.02                0.00       7.10 f
  U994/I (CLKINVX1AR9)                                              0.05      0.00       7.10 f
  U994/O (CLKINVX1AR9)                                              0.57      0.34       7.44 r
  net16650 (net)                                8         0.04                0.00       7.44 r
  U360/B1 (OAI12X2IAR9)                                             0.57      0.00       7.44 r
  U360/O (OAI12X2IAR9)                                              0.17      0.16       7.60 f
  n2042 (net)                                   2         0.01                0.00       7.60 f
  U2882/I2 (NOR2X2AR9)                                              0.17      0.00       7.60 f
  U2882/O (NOR2X2AR9)                                               0.10      0.11       7.71 r
  n1218 (net)                                   1         0.00                0.00       7.71 r
  U1942/I1 (CLKNAND2X3AR9)                                          0.10      0.00       7.71 r
  U1942/O (CLKNAND2X3AR9)                                           0.05      0.05       7.76 f
  n710 (net)                                    1         0.00                0.00       7.76 f
  U1834/I2 (CLKNAND2X4AR9)                                          0.05      0.00       7.76 f
  U1834/O (CLKNAND2X4AR9)                                           0.05      0.05       7.81 r
  n1222 (net)                                   1         0.00                0.00       7.81 r
  U2368/B1 (OAI12X4IAR9)                                            0.05      0.00       7.81 r
  U2368/O (OAI12X4IAR9)                                             0.47      0.04       7.85 f
  n173 (net)                                    1         0.00                0.00       7.85 f
  partialSum_reg[31]/D (DFFRBQX8J1AR9)                              0.47      0.00       7.85 f
  data arrival time                                                                      7.85

  clock Int_clk (rise edge)                                                   3.00       3.00
  clock network delay (propagated)                                            0.44       3.44
  clock uncertainty                                                          -0.30       3.14
  partialSum_reg[31]/CK (DFFRBQX8J1AR9)                                       0.00       3.14 r
  library setup time                                                         -0.06       3.09
  data required time                                                                     3.09
  ----------------------------------------------------------------------------------------------
  data required time                                                                     3.09
  data arrival time                                                                     -7.85
  ----------------------------------------------------------------------------------------------
  slack (VIOLATED)                                                                      -4.76


  Startpoint: fsm_cntLayers_value_reg[0]
              (rising edge-triggered flip-flop clocked by Int_clk)
  Endpoint: partialSum_reg[31]
            (rising edge-triggered flip-flop clocked by Int_clk)
  Path Group: REG2REG
  Path Type: max

  Point                                       Fanout       Cap     Trans      Incr       Path
  ----------------------------------------------------------------------------------------------
  clock Int_clk (rise edge)                                                   0.00       0.00
  clock network delay (propagated)                                            0.46       0.46
  fsm_cntLayers_value_reg[0]/CK (DFFRBQBX4K1AR9)                    0.05      0.00       0.46 r
  fsm_cntLayers_value_reg[0]/QB (DFFRBQBX4K1AR9)                    0.34      0.33       0.79 r
  n18 (net)                                    14         0.11                0.00       0.79 r
  U223/I (CLKINVX1AR9)                                              0.34      0.00       0.79 r
  U223/O (CLKINVX1AR9)                                              2.18      1.51       2.30 f
  net16396 (net)                               31         0.23                0.00       2.30 f
  U1253/I2 (NAND2X4IAR9)                                            2.18      0.00       2.30 f
  U1253/O (NAND2X4IAR9)                                             0.41      0.33       2.63 r
  n1373 (net)                                   1         0.01                0.00       2.63 r
  U1724/I2 (NAND2X6AR9)                                             0.41      0.00       2.63 r
  U1724/O (NAND2X6AR9)                                              0.37      0.34       2.97 f
  n1534 (net)                                  22         0.14                0.00       2.97 f
  U261/I (CLKINVX1AR9)                                              0.37      0.00       2.97 f
  U261/O (CLKINVX1AR9)                                              1.77      1.18       4.15 r
  net16406 (net)                               20         0.14                0.00       4.15 r
  U3611/I1 (NAND2X3AR9)                                             1.77      0.00       4.15 r
  U3611/O (NAND2X3AR9)                                              0.34      0.23       4.38 f
  n3852 (net)                                   1         0.01                0.00       4.38 f
  U553/I2 (CLKNAND2X8AR9)                                           0.34      0.00       4.38 f
  U553/O (CLKNAND2X8AR9)                                            0.38      0.33       4.71 r
  n1518 (net)                                  23         0.14                0.00       4.71 r
  U3412/I2 (CLKNAND2X8AR9)                                          0.38      0.00       4.71 r
  U3412/O (CLKNAND2X8AR9)                                           0.19      0.21       4.91 f
  n3671 (net)                                  17         0.08                0.00       4.91 f
  U575/I (CLKINVX1AR9)                                              0.19      0.00       4.91 f
  U575/O (CLKINVX1AR9)                                              0.77      0.52       5.43 r
  net16528 (net)                                6         0.06                0.00       5.43 r
  U1366/I1 (NAND2X6AR9)                                             0.77      0.00       5.43 r
  U1366/O (NAND2X6AR9)                                              0.21      0.18       5.61 f
  n4741 (net)                                   2         0.02                0.00       5.61 f
  U924/I2 (NAND2X6AR9)                                              0.21      0.00       5.61 f
  U924/O (NAND2X6AR9)                                               0.09      0.10       5.71 r
  n4138 (net)                                   4         0.02                0.00       5.71 r
  U451/B1 (OAI12X2IAR9)                                             0.09      0.00       5.71 r
  U451/O (OAI12X2IAR9)                                              0.07      0.07       5.78 f
  n1303 (net)                                   1         0.01                0.00       5.78 f
  U2393/I1 (NAND2X4AR9)                                             0.07      0.00       5.78 f
  U2393/O (NAND2X4AR9)                                              0.06      0.06       5.84 r
  n1825 (net)                                   3         0.01                0.00       5.84 r
  U429/I (CLKINVX1AR9)                                              0.06      0.00       5.84 r
  U429/O (CLKINVX1AR9)                                              0.07      0.07       5.91 f
  net16478 (net)                                1         0.01                0.00       5.91 f
  U4168/I2 (CLKNAND2X6AR9)                                          0.07      0.00       5.91 f
  U4168/O (CLKNAND2X6AR9)                                           0.04      0.05       5.96 r
  n4498 (net)                                   1         0.00                0.00       5.96 r
  U1636/I2 (CLKNAND2X3AR9)                                          0.04      0.00       5.96 r
  U1636/O (CLKNAND2X3AR9)                                           0.06      0.06       6.01 f
  n428 (net)                                    2         0.01                0.00       6.01 f
  U680/I (CLKINVX4AR9)                                              0.06      0.00       6.01 f
  U680/O (CLKINVX4AR9)                                              0.04      0.04       6.06 r
  n288 (net)                                    1         0.01                0.00       6.06 r
  U911/I2 (NAND2X6AR9)                                              0.04      0.00       6.06 r
  U911/O (NAND2X6AR9)                                               0.05      0.05       6.10 f
  n290 (net)                                    2         0.01                0.00       6.10 f
  U1867/I1 (NAND2X2AR9)                                             0.05      0.00       6.10 f
  U1867/O (NAND2X2AR9)                                              0.07      0.06       6.16 r
  n4314 (net)                                   1         0.01                0.00       6.16 r
  U946/I2 (NAND2X4AR9)                                              0.07      0.00       6.16 r
  U946/O (NAND2X4AR9)                                               0.05      0.06       6.22 f
  n720 (net)                                    1         0.01                0.00       6.22 f
  U2470/I2 (CLKNAND2X8AR9)                                          0.05      0.00       6.22 f
  U2470/O (CLKNAND2X8AR9)                                           0.10      0.08       6.30 r
  n3481 (net)                                   4         0.03                0.00       6.30 r
  U463/I (CLKINVX1AR9)                                              0.10      0.00       6.30 r
  U463/O (CLKINVX1AR9)                                              0.07      0.08       6.38 f
  net16492 (net)                                2         0.01                0.00       6.38 f
  U1992/I1 (NAND2X2AR9)                                             0.07      0.00       6.38 f
  U1992/O (NAND2X2AR9)                                              0.05      0.04       6.43 r
  n4244 (net)                                   1         0.00                0.00       6.43 r
  U890/I2 (NAND2X2AR9)                                              0.05      0.00       6.43 r
  U890/O (NAND2X2AR9)                                               0.06      0.06       6.49 f
  n1 (net)                                      2         0.01                0.00       6.49 f
  U889/I1 (CLKNAND2X2AR9)                                           0.06      0.00       6.49 f
  U889/O (CLKNAND2X2AR9)                                            0.06      0.06       6.54 r
  n4024 (net)                                   1         0.00                0.00       6.54 r
  U1411/I2 (NAND2X2AR9)                                             0.06      0.00       6.54 r
  U1411/O (NAND2X2AR9)                                              0.07      0.07       6.61 f
  n2149 (net)                                   2         0.01                0.00       6.61 f
  U373/I1 (NAND2X4AR9)                                              0.07      0.00       6.61 f
  U373/O (NAND2X4AR9)                                               0.07      0.06       6.67 r
  n2374 (net)                                   1         0.01                0.00       6.67 r
  U2057/I (INVX4AR9)                                                0.07      0.00       6.67 r
  U2057/O (INVX4AR9)                                                0.03      0.04       6.71 f
  n4154 (net)                                   1         0.01                0.00       6.71 f
  U3913/I1 (NAND2X6AR9)                                             0.03      0.00       6.71 f
  U3913/O (NAND2X6AR9)                                              0.04      0.03       6.74 r
  n4155 (net)                                   1         0.01                0.00       6.74 r
  U3716/I1 (CLKNAND2X8AR9)                                          0.04      0.00       6.74 r
  U3716/O (CLKNAND2X8AR9)                                           0.07      0.05       6.79 f
  n1944 (net)                                   4         0.02                0.00       6.79 f
  U550/I (CLKINVX1AR9)                                              0.07      0.00       6.79 f
  U550/O (CLKINVX1AR9)                                              0.22      0.16       6.95 r
  net16518 (net)                                4         0.02                0.00       6.95 r
  U3649/I1 (NOR2X4OAR9)                                             0.22      0.00       6.95 r
  U3649/O (NOR2X4OAR9)                                              0.06      0.06       7.01 f
  n3099 (net)                                   1         0.01                0.00       7.01 f
  U699/I (INVX4AR9)                                                 0.06      0.00       7.01 f
  U699/O (INVX4AR9)                                                 0.05      0.05       7.06 r
  n3720 (net)                                   1         0.01                0.00       7.06 r
  U3469/I1 (NAND2X8OAR9)                                            0.05      0.00       7.06 r
  U3469/O (NAND2X8OAR9)                                             0.05      0.05       7.10 f
  n3718 (net)                                   2         0.02                0.00       7.10 f
  U994/I (CLKINVX1AR9)                                              0.05      0.00       7.10 f
  U994/O (CLKINVX1AR9)                                              0.57      0.34       7.44 r
  net16650 (net)                                8         0.04                0.00       7.44 r
  U360/B1 (OAI12X2IAR9)                                             0.57      0.00       7.44 r
  U360/O (OAI12X2IAR9)                                              0.17      0.16       7.60 f
  n2042 (net)                                   2         0.01                0.00       7.60 f
  U2882/I2 (NOR2X2AR9)                                              0.17      0.00       7.60 f
  U2882/O (NOR2X2AR9)                                               0.10      0.11       7.71 r
  n1218 (net)                                   1         0.00                0.00       7.71 r
  U1942/I1 (CLKNAND2X3AR9)                                          0.10      0.00       7.71 r
  U1942/O (CLKNAND2X3AR9)                                           0.05      0.05       7.76 f
  n710 (net)                                    1         0.00                0.00       7.76 f
  U1834/I2 (CLKNAND2X4AR9)                                          0.05      0.00       7.76 f
  U1834/O (CLKNAND2X4AR9)                                           0.05      0.05       7.81 r
  n1222 (net)                                   1         0.00                0.00       7.81 r
  U2368/B1 (OAI12X4IAR9)                                            0.05      0.00       7.81 r
  U2368/O (OAI12X4IAR9)                                             0.47      0.04       7.85 f
  n173 (net)                                    1         0.00                0.00       7.85 f
  partialSum_reg[31]/D (DFFRBQX8J1AR9)                              0.47      0.00       7.85 f
  data arrival time                                                                      7.85

  clock Int_clk (rise edge)                                                   3.00       3.00
  clock network delay (propagated)                                            0.44       3.44
  clock uncertainty                                                          -0.30       3.14
  partialSum_reg[31]/CK (DFFRBQX8J1AR9)                                       0.00       3.14 r
  library setup time                                                         -0.06       3.09
  data required time                                                                     3.09
  ----------------------------------------------------------------------------------------------
  data required time                                                                     3.09
  data arrival time                                                                     -7.85
  ----------------------------------------------------------------------------------------------
  slack (VIOLATED)                                                                      -4.76


1
