 
****************************************
Report : design
        -physical
Design : mmForMLP
Version: O-2018.06-SP5-3
Date   : Sun May 26 22:31:14 2024
****************************************

	Parasitic source    : LPE
	Parasitic mode      : RealRVirtualC
	Extraction mode     : MIN_MAX
	Extraction derating : -40/25/125
****************************** P&R Summary ********************************
Date : Sun May 26 22:31:14 2024
Machine Host Name: 2024-vlsi-22
Working Directory: /home/user001/vlsi/lab7
Library Name:      mmForMLP.mwlib
Cell Name:         setup.CEL;1
Design Statistics:
    Number of Macro Cells:         4
    Number of Module Cells:        3981
    Number of Pins:                26657
    Number of IO Pins:             40
    Number of Nets:                4081
    Average Pins Per Net (Signal): 2.95574

Chip Utilization:
    Total Macro Cell Area:         57792.38
    Total Std Cell Area:           15054.16
    Total Blockage Area:           61326.72
    Core Size:     width 492.70, height 491.40; area 242112.78
    Chip Size:     width 500.00, height 500.00; area 250000.00
    Std cells utilization:         8.33% 
    Cell/Core Ratio:               30.09%
    Cell/Chip Ratio:               29.14%
    Number of Cell Rows:            273

Master Instantiation:
	MasterName	Type	InstCount
	=================================
	TAP01CR9	STD	3320
	NAND2X2AR9	STD	370
	CLKINVX1AR9	STD	255
	NAND2X4AR9	STD	252
	NAND2X6AR9	STD	162
	CLKINVX2AR9	STD	147
	NAND2X3AR9	STD	123
	CLKNAND2X2AR9	STD	116
	NAND2X1AR9	STD	112
	NAND3X2AR9	STD	103
	NAND2X05AR9	STD	92
	INVX2AR9	STD	80
	CLKNAND2X8AR9	STD	76
	NOR2X4OAR9	STD	70
	NAND2X4OAR9	STD	68
	CLKNAND2X4AR9	STD	67
	NAND2X2OAR9	STD	64
	INVX4AR9	STD	63
	NAND2X8AR9	STD	58
	CLKNAND2X6AR9	STD	56
	INVX3AR9	STD	55
	CLKINVX4AR9	STD	53
	NAND3X4AR9	STD	52
	OAI12X4IAR9	STD	51
	CLKNAND2X3AR9	STD	50
	CLKINVX3AR9	STD	48
	NOR2X2OAR9	STD	45
	INVX05AR9	STD	41
	NOR2X1AR9	STD	40
	OAI12X2IAR9	STD	34
	NAND2X8OAR9	STD	33
	CLKINVX6AR9	STD	28
	CLKAND2X2AR9	STD	28
	NAND2X1OAR9	STD	27
	CLKXNOR2X1AR9	STD	26
	OAI22X3AR9	STD	26
	XNOR2X2AR9	STD	25
	NAND2X1IAR9	STD	24
	NOR2X2AR9	STD	23
	INVX1AR9	STD	23
	AND2X2AR9	STD	23
	CLKXNOR2X2AR9	STD	22
	CLKOR2X2AR9	STD	20
	NAND3X1AR9	STD	19
	OR2B1X2AR9	STD	19
	CLKINVX8AR9	STD	19
	AND2X3AR9	STD	19
	XNOR2X1AR9	STD	19
	NOR2X4AR9	STD	18
	NAND3X3AR9	STD	18
	INVX6AR9	STD	18
	OR2X2AR9	STD	18
	AND2X1AR9	STD	17
	NAND2X4IAR9	STD	17
	CLKNAND2X1AR9	STD	16
	INVX8AR9	STD	16
	CLKNOR2X3AR9	STD	16
	CLKAND2X1AR9	STD	15
	NAND2X2IAR9	STD	15
	NAND4X3AR9	STD	15
	CLKNOR2X4AR9	STD	14
	OAI22X4AR9	STD	13
	CLKAND2X3AR9	STD	13
	CLKINVX12AR9	STD	13
	DFFRBQBX4J1AR9	STD	12
	CLKINVX16AR9	STD	12
	AOI12X2IAR9	STD	11
	OAI112X2AR9	STD	11
	OAI12X2AR9	STD	11
	DFFRBQX8J1AR9	STD	11
	DFFRBQX4J1AR9	STD	11
	AND2X05AR9	STD	10
	OAI22X05AR9	STD	10
	OAI22X2AR9	STD	10
	AOI12X4IAR9	STD	10
	DFFRBQX4K1AR9	STD	10
	XNOR2X05AR9	STD	9
	NOR2X05AR9	STD	9
	AND3X2AR9	STD	9
	NAND3X8AR9	STD	9
	CLKOR2X3AR9	STD	9
	OA22X2AR9	STD	9
	CLKNOR2X2AR9	STD	9
	CLKOR2X4AR9	STD	9
	AOI12X05AR9	STD	8
	OR2X1AR9	STD	8
	OR2X05AR9	STD	8
	NOR2X8OAR9	STD	8
	CLKNOR2X1AR9	STD	8
	NOR2X8IAR9	STD	8
	INVX12AR9	STD	8
	CLKAND2X8AR9	STD	8
	NAND2B1X3AR9	STD	8
	AOI12X2AR9	STD	7
	NOR2X1OAR9	STD	7
	HAX2AR9		STD	7
	DFFRBQX05AR9	STD	7
	AND2B1X2AR9	STD	6
	FAX1AR9		STD	6
	OAI12X1IAR9	STD	6
	OA12X2AR9	STD	6
	OAI112X3AR9	STD	6
	OA12X05AR9	STD	5
	XOR2X05AR9	STD	5
	OAI12X4AR9	STD	5
	OR2X3AR9	STD	5
	OAI12X8IAR9	STD	5
	NAND4X4AR9	STD	5
	NAND3B1X4AR9	STD	5
	NOR2X3AR9	STD	4
	XOR2X1AR9	STD	4
	NOR2X2IAR9	STD	4
	AND3X3AR9	STD	4
	CLKAND2X4AR9	STD	4
	NAND3B1X3AR9	STD	4
	AO12X1AR9	STD	3
	AOI12X1AR9	STD	3
	AOI12X4AR9	STD	3
	NAND4X2AR9	STD	3
	NOR2X8AR9	STD	3
	AND2X8AR9	STD	3
	NOR3X4AR9	STD	3
	AND4X3AR9	STD	3
	AND2X4AR9	STD	3
	AO22X1AR9	STD	2
	AOI22B2X05AR9	STD	2
	AOI22X05AR9	STD	2
	AO12X05AR9	STD	2
	AOI12X1IAR9	STD	2
	OAI22X1AR9	STD	2
	OAI12X1AR9	STD	2
	CLKXOR2X1AR9	STD	2
	AND2B1X1AR9	STD	2
	NOR2X1IAR9	STD	2
	AOI21B1X3AR9	STD	2
	AND2B1X3AR9	STD	2
	OAI12B2X2AR9	STD	2
	AOI22X3AR9	STD	2
	AND4X2AR9	STD	2
	NOR4X2AR9	STD	2
	CLKXOR2X2AR9	STD	2
	OR2X8AR9	STD	2
	AO12X2AR9	STD	2
	AND3X1AR9	STD	2
	AOI22B2X2AR9	STD	2
	OA22X1AR9	STD	2
	NOR3X1AR9	STD	1
	NAND4X1AR9	STD	1
	NAND2B1X1AR9	STD	1
	HAX1AR9		STD	1
	AND3B1X1AR9	STD	1
	AOI13X05AR9	STD	1
	OA12X1AR9	STD	1
	AOI12X3AR9	STD	1
	AOI22X2AR9	STD	1
	NAND4X05AR9	STD	1
	NAND3X05AR9	STD	1
	AND3B2X1AR9	STD	1
	DFFRBQX8K1AR9	STD	1
	DFFRBQX1AR9	STD	1
	AOI21B1X2AR9	STD	1
	NOR2X4IAR9	STD	1
	AOI21B1X4AR9	STD	1
	OA12X4AR9	STD	1
	AOI22X4AR9	STD	1
	NAND2B1X4AR9	STD	1
	NAND2X8IAR9	STD	1
	OAI22B2X1AR9	STD	1
	DFFRBQX3AR9	STD	1
	AOI12B2X4AR9	STD	1
	AO12X3AR9	STD	1
	AOI22B2X4AR9	STD	1
	AND3X4AR9	STD	1
	AND3X05AR9	STD	1
	NOR3X2AR9	STD	1
	AND2DFFRBQX2AR9	STD	1
	DFFRBQX4AR9	STD	1
	NAND3B1X2AR9	STD	1
	HAX3AR9		STD	1
	OAI12B2X3AR9	STD	1
	DFFRBQBX4K1AR9	STD	1
	DFFSBQX4K1AR9	STD	1
	AND2X6AR9	STD	1
	AND3B2X2AR9	STD	1
	OAI21B1X3AR9	STD	1
	AOI22B2X3AR9	STD	1
	AOI22X1AR9	STD	1
	OA12X3AR9	STD	1
	mem55lpw1024d16sp	MACRO	2
	mem55lpw256d16sp	MACRO	2
	=================================

Timing/Optimization Information:

Global Routing Information:

Track Assignment Information:

Detailed Routing Information:

DRC information: 
      Total error number: 0

Ring Wiring Statistics:

Stripe Wiring Statistics:
    metal2 Wire Length(count):               8239.20(10299)
    metal4 Wire Length(count):              42628.10(152)
    metal5 Wire Length(count):              47759.69(247)
  ==============================================
    Total Wire Length(count):               98626.99(10698)
    Number of via1 Contacts:          10299
    Number of via2 Contacts:          10299
    Number of via3 Contacts:          10307
    Number of via4 Contacts:           5964
  ==============================================
    Total Number of Contacts:    36869

User Wiring Statistics:

PG follow-pin Wiring Statistics:
    metal1 Wire Length(count):             102347.62(546)
    metal5 Wire Length(count):               1861.68(526)
  ==============================================
    Total Wire Length(count):              104209.30(1072)
    Number of via1 Contacts:            523
    Number of via2 Contacts:            523
    Number of via3 Contacts:            522
    Number of via4 Contacts:           1038
  ==============================================
    Total Number of Contacts:     2606

Signal Wiring Statistics:
      Mask Name      Contact Code    Number Of Contacts    Percentage

  Horizontal/Vertical Wire Distribution:
    Layer      Hor. Wire (% of Hor.)     Ver. Wire (% of Ver.)
  ==============================================================
    Total              0.00                      0.00
1
