 
****************************************
Report : constraint
        -all_violators
        -max_delay
Design : mmForMLP
Version: O-2018.06-SP5-3
Date   : Sun May 19 22:26:36 2024
****************************************


   max_delay/setup ('MEM2REG' group)

                             Required        Actual
   Endpoint                 Path Delay     Path Delay        Slack
   -----------------------------------------------------------------
   partialSum_reg[20]/D         3.24           4.29 r        -1.05  (VIOLATED)
   partialSum_reg[34]/D         3.30           4.35 r        -1.05  (VIOLATED)
   partialSum_reg[23]/D         3.28           4.34 f        -1.05  (VIOLATED)
   partialSum_reg[27]/D         3.28           4.33 f        -1.05  (VIOLATED)
   partialSum_reg[35]/D         3.28           4.33 f        -1.05  (VIOLATED)
   partialSum_reg[30]/D         3.29           4.34 r        -1.05  (VIOLATED)
   partialSum_reg[24]/D         3.30           4.35 r        -1.05  (VIOLATED)
   partialSum_reg[31]/D         3.28           4.33 f        -1.05  (VIOLATED)
   partialSum_reg[25]/D         3.30           4.35 r        -1.05  (VIOLATED)
   partialSum_reg[32]/D         3.29           4.33 f        -1.05  (VIOLATED)
   partialSum_reg[17]/D         3.23           4.27 r        -1.04  (VIOLATED)
   partialSum_reg[26]/D         3.28           4.33 f        -1.04  (VIOLATED)
   partialSum_reg[33]/D         3.30           4.34 r        -1.04  (VIOLATED)
   partialSum_reg[22]/D         3.29           4.32 r        -1.03  (VIOLATED)
   partialSum_reg[29]/D         3.29           4.32 r        -1.03  (VIOLATED)
   partialSum_reg[15]/D         3.15           4.18 r        -1.03  (VIOLATED)
   partialSum_reg[18]/D         3.29           4.32 r        -1.03  (VIOLATED)
   partialSum_reg[16]/D         3.23           4.26 r        -1.02  (VIOLATED)
   partialSum_reg[28]/D         3.29           4.31 r        -1.02  (VIOLATED)
   partialSum_reg[19]/D         3.22           4.24 r        -1.02  (VIOLATED)
   partialSum_reg[21]/D         3.29           4.31 r        -1.02  (VIOLATED)
   partialSum_reg[13]/D         3.14           4.13 r        -1.00  (VIOLATED)
   partialSum_reg[12]/D         3.21           4.15 f        -0.93  (VIOLATED)
   partialSum_reg[14]/D         3.21           4.14 r        -0.93  (VIOLATED)
   partialSum_reg[11]/D         3.28           4.14 f        -0.85  (VIOLATED)
   partialSum_reg[10]/D         3.19           4.01 r        -0.82  (VIOLATED)
   partialSum_reg[9]/D          3.18           3.96 r        -0.77  (VIOLATED)
   partialSum_reg[8]/D          3.19           3.92 r        -0.73  (VIOLATED)
   partialSum_reg[7]/D          3.28           3.79 f        -0.52  (VIOLATED)
   partialSum_reg[6]/D          3.27           3.73 r        -0.46  (VIOLATED)
   partialSum_reg[5]/D          3.28           3.74 f        -0.46  (VIOLATED)
   partialSum_reg[3]/D          3.27           3.68 r        -0.41  (VIOLATED)
   partialSum_reg[4]/D          3.29           3.56 f        -0.27  (VIOLATED)
   partialSum_reg[2]/D          3.29           3.42 r        -0.13  (VIOLATED)
   partialSum_reg[1]/D          3.22           3.28 f        -0.07  (VIOLATED)


   max_delay/setup ('OUTPUTS' group)

                             Required        Actual
   Endpoint                 Path Delay     Path Delay        Slack
   -----------------------------------------------------------------
   result_payload[13]           1.45           2.03 r        -0.58  (VIOLATED)
   result_payload[9]            1.45           2.02 f        -0.57  (VIOLATED)
   result_payload[7]            1.45           2.02 f        -0.57  (VIOLATED)
   result_payload[14]           1.45           2.02 r        -0.57  (VIOLATED)
   result_payload[6]            1.45           2.02 f        -0.57  (VIOLATED)
   result_payload[1]            1.45           2.02 f        -0.57  (VIOLATED)
   result_payload[4]            1.45           2.02 r        -0.57  (VIOLATED)
   result_payload[11]           1.45           2.02 f        -0.57  (VIOLATED)
   result_payload[3]            1.45           2.02 r        -0.57  (VIOLATED)
   result_payload[5]            1.45           2.02 r        -0.57  (VIOLATED)
   result_payload[15]           1.45           2.02 r        -0.57  (VIOLATED)
   result_payload[2]            1.45           2.02 r        -0.57  (VIOLATED)
   result_payload[8]            1.45           2.02 r        -0.57  (VIOLATED)
   result_payload[12]           1.45           2.02 f        -0.57  (VIOLATED)
   result_payload[10]           1.45           2.02 f        -0.57  (VIOLATED)
   result_payload[0]            1.45           2.01 r        -0.56  (VIOLATED)
   load_ready                   1.45           1.47 f        -0.02  (VIOLATED)


1
