 
****************************************
Report : constraint
        -all_violators
        -max_delay
Design : mmForMLP
Version: O-2018.06-SP5-3
Date   : Sun May 26 22:30:39 2024
****************************************


   max_delay/setup ('MEM2REG' group)

                             Required        Actual
   Endpoint                 Path Delay     Path Delay        Slack
   -----------------------------------------------------------------
   partialSum_reg[22]/D         3.23           4.29 r        -1.06  (VIOLATED)
   partialSum_reg[20]/D         3.24           4.30 r        -1.05  (VIOLATED)
   partialSum_reg[23]/D         3.23           4.29 r        -1.05  (VIOLATED)
   partialSum_reg[35]/D         3.24           4.29 r        -1.05  (VIOLATED)
   partialSum_reg[32]/D         3.28           4.34 f        -1.05  (VIOLATED)
   partialSum_reg[24]/D         3.24           4.29 r        -1.05  (VIOLATED)
   partialSum_reg[34]/D         3.29           4.34 r        -1.05  (VIOLATED)
   partialSum_reg[30]/D         3.28           4.33 f        -1.05  (VIOLATED)
   partialSum_reg[26]/D         3.24           4.29 r        -1.05  (VIOLATED)
   partialSum_reg[25]/D         3.28           4.33 f        -1.05  (VIOLATED)
   partialSum_reg[15]/D         3.23           4.28 r        -1.05  (VIOLATED)
   partialSum_reg[29]/D         3.24           4.28 r        -1.04  (VIOLATED)
   partialSum_reg[31]/D         3.28           4.32 f        -1.04  (VIOLATED)
   partialSum_reg[27]/D         3.28           4.32 f        -1.04  (VIOLATED)
   partialSum_reg[17]/D         3.28           4.32 f        -1.04  (VIOLATED)
   partialSum_reg[14]/D         3.21           4.25 r        -1.04  (VIOLATED)
   partialSum_reg[21]/D         3.30           4.33 r        -1.04  (VIOLATED)
   partialSum_reg[28]/D         3.24           4.27 r        -1.03  (VIOLATED)
   partialSum_reg[18]/D         3.29           4.31 r        -1.02  (VIOLATED)
   partialSum_reg[33]/D         3.29           4.30 r        -1.01  (VIOLATED)
   partialSum_reg[19]/D         3.28           4.24 r        -0.96  (VIOLATED)
   partialSum_reg[16]/D         3.23           4.16 r        -0.93  (VIOLATED)
   partialSum_reg[13]/D         3.21           4.11 r        -0.90  (VIOLATED)
   partialSum_reg[11]/D         3.28           4.09 f        -0.81  (VIOLATED)
   partialSum_reg[12]/D         3.29           4.08 r        -0.79  (VIOLATED)
   partialSum_reg[10]/D         3.27           4.05 r        -0.77  (VIOLATED)
   partialSum_reg[9]/D          3.19           3.89 r        -0.70  (VIOLATED)
   partialSum_reg[8]/D          3.27           3.82 r        -0.55  (VIOLATED)
   partialSum_reg[7]/D          3.28           3.75 f        -0.47  (VIOLATED)
   partialSum_reg[6]/D          3.27           3.59 r        -0.33  (VIOLATED)
   partialSum_reg[5]/D          3.28           3.59 f        -0.31  (VIOLATED)
   partialSum_reg[3]/D          3.27           3.44 r        -0.17  (VIOLATED)
   partialSum_reg[4]/D          3.29           3.45 f        -0.17  (VIOLATED)


   max_delay/setup ('OUTPUTS' group)

                             Required        Actual
   Endpoint                 Path Delay     Path Delay        Slack
   -----------------------------------------------------------------
   result_payload[11]           1.45           2.05 f        -0.60  (VIOLATED)
   result_payload[9]            1.45           2.05 f        -0.60  (VIOLATED)
   result_payload[12]           1.45           2.05 f        -0.60  (VIOLATED)
   result_payload[1]            1.45           2.05 f        -0.60  (VIOLATED)
   result_payload[10]           1.45           2.04 f        -0.59  (VIOLATED)
   result_payload[3]            1.45           2.04 f        -0.59  (VIOLATED)
   result_payload[5]            1.45           2.04 f        -0.59  (VIOLATED)
   result_payload[14]           1.45           2.04 r        -0.59  (VIOLATED)
   result_payload[2]            1.45           2.03 r        -0.58  (VIOLATED)
   result_payload[8]            1.45           2.03 f        -0.58  (VIOLATED)
   result_payload[13]           1.45           2.03 r        -0.58  (VIOLATED)
   result_payload[6]            1.45           2.03 r        -0.58  (VIOLATED)
   result_payload[15]           1.45           2.02 f        -0.57  (VIOLATED)
   result_payload[0]            1.45           2.02 r        -0.57  (VIOLATED)
   result_payload[4]            1.45           2.02 r        -0.57  (VIOLATED)
   result_payload[7]            1.45           2.02 f        -0.57  (VIOLATED)
   load_ready                   1.45           1.46 f        -0.01  (VIOLATED)


1
