 
****************************************
Report : design
        -physical
Design : mmForMLP
Version: O-2018.06-SP5-3
Date   : Sun May 19 22:26:36 2024
****************************************

****************************** P&R Summary ********************************
Date : Sun May 19 22:26:36 2024
Machine Host Name: 2024-vlsi-22
Working Directory: /home/user001/vlsi/lab7
Library Name:      mmForMLP.mwlib
Cell Name:         lab7.CEL;1
Design Statistics:
    Number of Macro Cells:         4
    Number of Module Cells:        4480
    Number of Pins:                28560
    Number of IO Pins:             40
    Number of Nets:                4580
    Average Pins Per Net (Signal): 2.83923

Chip Utilization:
    Total Macro Cell Area:         57792.38
    Total Std Cell Area:           16576.56
    Total Blockage Area:           59054.11
    Core Size:     width 492.70, height 491.40; area 242112.78
    Chip Size:     width 500.00, height 500.00; area 250000.00
    Std cells utilization:         9.06% 
    Cell/Core Ratio:               30.72%
    Cell/Chip Ratio:               29.75%
    Number of Cell Rows:            273

Master Instantiation:
	MasterName	Type	InstCount
	=================================
	TAP01CR9	STD	3316
	NAND2X2AR9	STD	353
	CLKINVX2AR9	STD	283
	NAND2X4AR9	STD	264
	NAND2X6AR9	STD	169
	INVX2AR9	STD	141
	CLKNAND2X2AR9	STD	121
	NAND2X3AR9	STD	120
	CLKINVX4AR9	STD	107
	INVX4AR9	STD	105
	INVX05AR9	STD	103
	NAND2X1AR9	STD	102
	NAND3X2AR9	STD	88
	INVX3AR9	STD	85
	NAND2X05AR9	STD	80
	CLKINVX3AR9	STD	78
	NOR2X4OAR9	STD	69
	CLKINVX8AR9	STD	68
	CLKNAND2X8AR9	STD	68
	INVX1AR9	STD	67
	CLKNAND2X6AR9	STD	62
	NAND2X4OAR9	STD	60
	CLKNAND2X4AR9	STD	58
	CLKINVX6AR9	STD	52
	OAI12X4IAR9	STD	47
	CLKINVX1AR9	STD	47
	INVX8AR9	STD	46
	CLKBUFX2AR9	STD	45
	NAND2X8AR9	STD	45
	NAND3X4AR9	STD	44
	NOR2X1AR9	STD	43
	CLKXNOR2X1AR9	STD	42
	NAND2X2OAR9	STD	42
	INVX6AR9	STD	41
	BUFX12AR9	STD	41
	CLKNAND2X3AR9	STD	40
	NAND2X8OAR9	STD	35
	AND2X2AR9	STD	35
	NOR2X2OAR9	STD	34
	NAND3X3AR9	STD	32
	OAI12X2IAR9	STD	30
	NAND2X1IAR9	STD	30
	BUFX4AR9	STD	29
	CLKOR2X2AR9	STD	27
	CLKAND2X2AR9	STD	26
	NAND3X1AR9	STD	23
	NAND2X1OAR9	STD	22
	OR2B1X2AR9	STD	22
	XNOR2X2AR9	STD	20
	OAI22X3AR9	STD	19
	BUFX2AR9	STD	18
	CLKNAND2X1AR9	STD	18
	DFFRBQX8J1AR9	STD	18
	NOR2X4AR9	STD	17
	AND2X1AR9	STD	17
	BUFX8AR9	STD	17
	OR2X1AR9	STD	16
	OAI12X2AR9	STD	16
	OAI22X2AR9	STD	15
	CLKXNOR2X2AR9	STD	15
	CLKOR2X3AR9	STD	15
	AND2X3AR9	STD	15
	INVX12AR9	STD	15
	NAND4X3AR9	STD	15
	CLKAND2X1AR9	STD	14
	NAND2X2IAR9	STD	14
	NAND2X4IAR9	STD	14
	AND3X2AR9	STD	13
	CLKNOR2X3AR9	STD	13
	XNOR2X1AR9	STD	13
	CLKINVX12AR9	STD	13
	NOR2X2AR9	STD	12
	NOR2X8OAR9	STD	12
	DFFRBQX4K1AR9	STD	12
	OR2X2AR9	STD	12
	XNOR2X05AR9	STD	11
	NOR2X05AR9	STD	11
	CLKNOR2X1AR9	STD	11
	CLKNOR2X2AR9	STD	11
	AOI12X4IAR9	STD	10
	CLKINVX16AR9	STD	10
	NAND2B1X4AR9	STD	10
	NOR2X8IAR9	STD	10
	BUFX16AR9	STD	9
	NAND4X4AR9	STD	9
	NAND2B1X3AR9	STD	9
	CLKNOR2X4AR9	STD	9
	AND2X05AR9	STD	8
	AOI12X05AR9	STD	8
	OAI22X05AR9	STD	8
	AOI12X2AR9	STD	8
	BUFX6AR9	STD	8
	OAI22X4AR9	STD	8
	CLKAND2X3AR9	STD	8
	NOR2X3AR9	STD	7
	NOR2X1OAR9	STD	7
	AOI12X2IAR9	STD	7
	HAX2AR9		STD	7
	NAND4X2AR9	STD	7
	BUFX1AR9	STD	7
	AND3X3AR9	STD	7
	INVX16AR9	STD	7
	CLKBUFX3AR9	STD	7
	OAI112X1AR9	STD	7
	OAI12X1IAR9	STD	6
	OR2X05AR9	STD	6
	OAI112X05AR9	STD	6
	NOR2X8AR9	STD	6
	DFFRBQX05AR9	STD	6
	DFFRBQX4J1AR9	STD	6
	XOR2X05AR9	STD	5
	BUFX05AR9	STD	5
	OAI22X1AR9	STD	5
	AO12X1AR9	STD	5
	XOR2X1AR9	STD	5
	DFFRBQBX4J1AR9	STD	5
	AOI22X3AR9	STD	5
	OA12X05AR9	STD	4
	OAI12X1AR9	STD	4
	OAI12X4AR9	STD	4
	NAND4X8AR9	STD	4
	NAND3X8AR9	STD	4
	CLKOR2X4AR9	STD	4
	AND4X2AR9	STD	4
	AND2X8AR9	STD	4
	AND3X1AR9	STD	4
	OAI12X8IAR9	STD	4
	AND2X4AR9	STD	4
	DFFRBQBX4K1AR9	STD	4
	OAI12B2X2AR9	STD	4
	AOI22B2X05AR9	STD	3
	AOI22X05AR9	STD	3
	FAX1AR9		STD	3
	AOI12X4AR9	STD	3
	NOR2X2IAR9	STD	3
	BUFX3AR9	STD	3
	AOI12X8IAR9	STD	3
	AND3X05AR9	STD	3
	OAI12B2X3AR9	STD	3
	AO22X1AR9	STD	2
	NAND4X1AR9	STD	2
	NAND2B1X1AR9	STD	2
	CLKXNOR2X3AR9	STD	2
	AO12X05AR9	STD	2
	CLKBUFX1AR9	STD	2
	OA12X1AR9	STD	2
	AOI12X3AR9	STD	2
	CLKXOR2X1AR9	STD	2
	AND2B1X1AR9	STD	2
	OAI12X3AR9	STD	2
	DFFRBQX8K1AR9	STD	2
	DFFRBQX1AR9	STD	2
	CLKAND2X6AR9	STD	2
	AND3X4AR9	STD	2
	AO12X3AR9	STD	2
	AND4X3AR9	STD	2
	CLKAND2X8AR9	STD	2
	OR2X8AR9	STD	2
	HAX3AR9		STD	2
	NOR3X2AR9	STD	2
	DEL0N07X1CR9	STD	2
	AND3B1X2AR9	STD	2
	AO12X2AR9	STD	2
	OR2X3AR9	STD	2
	AOI22B2X3AR9	STD	2
	NOR3X4AR9	STD	2
	OA12X3AR9	STD	2
	NAND3B1X3AR9	STD	2
	OA22X2AR9	STD	2
	OAI21B1X3AR9	STD	2
	NAND3B1X4AR9	STD	2
	NOR3X3AR9	STD	1
	NOR3X1AR9	STD	1
	HAX1AR9		STD	1
	OAI12X05AR9	STD	1
	AOI13X05AR9	STD	1
	AND2B1X2AR9	STD	1
	NOR4X1AR9	STD	1
	AOI12X1IAR9	STD	1
	AOI12X1AR9	STD	1
	OAI112X2AR9	STD	1
	OAI12B2X1AR9	STD	1
	AOI22X2AR9	STD	1
	NAND4X05AR9	STD	1
	OA12X2AR9	STD	1
	CLKOR2X1AR9	STD	1
	AOI21B1X2AR9	STD	1
	FAX2AR9		STD	1
	NOR3X8AR9	STD	1
	AOI21B1X4AR9	STD	1
	CLKBUFX8AR9	STD	1
	AOI22B2X1AR9	STD	1
	CLKAND2X4AR9	STD	1
	DFFRBQX3AR9	STD	1
	DFFSBQX2AR9	STD	1
	OAI112X4AR9	STD	1
	OR2B1X3AR9	STD	1
	AND2DFFRBQX4AR9	STD	1
	AND2B1X8AR9	STD	1
	CLKBUFX6AR9	STD	1
	NOR4X3AR9	STD	1
	AND2B1X3AR9	STD	1
	CLKBUFX4AR9	STD	1
	OA22X1AR9	STD	1
	AOI22B2X2AR9	STD	1
	AND3B2X3AR9	STD	1
	OA112X2AR9	STD	1
	OR3X2AR9	STD	1
	OAI21B1X2AR9	STD	1
	OA22X3AR9	STD	1
	AOI21B1X3AR9	STD	1
	OAI21B1X4AR9	STD	1
	mem55lpw1024d16sp	MACRO	2
	mem55lpw256d16sp	MACRO	2
	=================================

Timing/Optimization Information:

Global Routing Information:

Track Assignment Information:

Detailed Routing Information:

DRC information: 
      Total error number: 0

Ring Wiring Statistics:

Stripe Wiring Statistics:
    metal2 Wire Length(count):               8239.20(10299)
    metal3 Wire Length(count):                  0.32(2)
    metal4 Wire Length(count):              42628.93(153)
    metal5 Wire Length(count):              47854.47(212)
  ==============================================
    Total Wire Length(count):               98722.93(10666)
    Number of via1 Contacts:          10299
    Number of via2 Contacts:          10299
    Number of via3 Contacts:          10314
    Number of via4 Contacts:           5966
  ==============================================
    Total Number of Contacts:    36878

User Wiring Statistics:

PG follow-pin Wiring Statistics:
    metal1 Wire Length(count):             102731.83(550)
    metal5 Wire Length(count):               1357.43(411)
  ==============================================
    Total Wire Length(count):              104089.26(961)
    Number of via1 Contacts:            451
    Number of via2 Contacts:            451
    Number of via3 Contacts:            451
    Number of via4 Contacts:            804
  ==============================================
    Total Number of Contacts:     2157

Signal Wiring Statistics:
      Mask Name      Contact Code    Number Of Contacts    Percentage

  Horizontal/Vertical Wire Distribution:
    Layer      Hor. Wire (% of Hor.)     Ver. Wire (% of Ver.)
  ==============================================================
    Total              0.00                      0.00
1
